<?xml version="1.0"?>
<link_info>
   <banner>TMS320C2000 Linker PC v16.9.1.LTS</banner>
   <copyright>Copyright (c) 1996-2015 Texas Instruments Incorporated</copyright>
   <link_time>0x59ed8ff6</link_time>
   <link_errors>0x0</link_errors>
   <output_file>28335_MyFirst.out</output_file>
   <entry_point>
      <name>_c_int00</name>
      <address>0x33a7eb</address>
   </entry_point>
   <input_file_list>
      <input_file id="fl-2">
         <path>.\</path>
         <kind>object</kind>
         <file>main.obj</file>
         <name>main.obj</name>
      </input_file>
      <input_file id="fl-3">
         <path>.\My28335\</path>
         <kind>object</kind>
         <file>My28335_Init.obj</file>
         <name>My28335_Init.obj</name>
      </input_file>
      <input_file id="fl-4">
         <path>.\MyLib\</path>
         <kind>object</kind>
         <file>CString.obj</file>
         <name>CString.obj</name>
      </input_file>
      <input_file id="fl-5">
         <path>.\MyLib\</path>
         <kind>object</kind>
         <file>Queue.obj</file>
         <name>Queue.obj</name>
      </input_file>
      <input_file id="fl-6">
         <path>.\MyLib\</path>
         <kind>object</kind>
         <file>SystemCore.obj</file>
         <name>SystemCore.obj</name>
      </input_file>
      <input_file id="fl-7">
         <path>.\src\</path>
         <kind>object</kind>
         <file>DSP2833x_ADC_cal.obj</file>
         <name>DSP2833x_ADC_cal.obj</name>
      </input_file>
      <input_file id="fl-8">
         <path>.\src\</path>
         <kind>object</kind>
         <file>DSP2833x_Adc.obj</file>
         <name>DSP2833x_Adc.obj</name>
      </input_file>
      <input_file id="fl-9">
         <path>.\src\</path>
         <kind>object</kind>
         <file>DSP2833x_CSMPasswords.obj</file>
         <name>DSP2833x_CSMPasswords.obj</name>
      </input_file>
      <input_file id="fl-a">
         <path>.\src\</path>
         <kind>object</kind>
         <file>DSP2833x_CodeStartBranch.obj</file>
         <name>DSP2833x_CodeStartBranch.obj</name>
      </input_file>
      <input_file id="fl-b">
         <path>.\src\</path>
         <kind>object</kind>
         <file>DSP2833x_CpuTimers.obj</file>
         <name>DSP2833x_CpuTimers.obj</name>
      </input_file>
      <input_file id="fl-c">
         <path>.\src\</path>
         <kind>object</kind>
         <file>DSP2833x_DBGIER.obj</file>
         <name>DSP2833x_DBGIER.obj</name>
      </input_file>
      <input_file id="fl-d">
         <path>.\src\</path>
         <kind>object</kind>
         <file>DSP2833x_DMA.obj</file>
         <name>DSP2833x_DMA.obj</name>
      </input_file>
      <input_file id="fl-e">
         <path>.\src\</path>
         <kind>object</kind>
         <file>DSP2833x_DefaultIsr.obj</file>
         <name>DSP2833x_DefaultIsr.obj</name>
      </input_file>
      <input_file id="fl-f">
         <path>.\src\</path>
         <kind>object</kind>
         <file>DSP2833x_DisInt.obj</file>
         <name>DSP2833x_DisInt.obj</name>
      </input_file>
      <input_file id="fl-10">
         <path>.\src\</path>
         <kind>object</kind>
         <file>DSP2833x_ECan.obj</file>
         <name>DSP2833x_ECan.obj</name>
      </input_file>
      <input_file id="fl-11">
         <path>.\src\</path>
         <kind>object</kind>
         <file>DSP2833x_ECap.obj</file>
         <name>DSP2833x_ECap.obj</name>
      </input_file>
      <input_file id="fl-12">
         <path>.\src\</path>
         <kind>object</kind>
         <file>DSP2833x_EPwm.obj</file>
         <name>DSP2833x_EPwm.obj</name>
      </input_file>
      <input_file id="fl-13">
         <path>.\src\</path>
         <kind>object</kind>
         <file>DSP2833x_EQep.obj</file>
         <name>DSP2833x_EQep.obj</name>
      </input_file>
      <input_file id="fl-14">
         <path>.\src\</path>
         <kind>object</kind>
         <file>DSP2833x_GlobalVariableDefs.obj</file>
         <name>DSP2833x_GlobalVariableDefs.obj</name>
      </input_file>
      <input_file id="fl-15">
         <path>.\src\</path>
         <kind>object</kind>
         <file>DSP2833x_Gpio.obj</file>
         <name>DSP2833x_Gpio.obj</name>
      </input_file>
      <input_file id="fl-16">
         <path>.\src\</path>
         <kind>object</kind>
         <file>DSP2833x_I2C.obj</file>
         <name>DSP2833x_I2C.obj</name>
      </input_file>
      <input_file id="fl-17">
         <path>.\src\</path>
         <kind>object</kind>
         <file>DSP2833x_Mcbsp.obj</file>
         <name>DSP2833x_Mcbsp.obj</name>
      </input_file>
      <input_file id="fl-18">
         <path>.\src\</path>
         <kind>object</kind>
         <file>DSP2833x_MemCopy.obj</file>
         <name>DSP2833x_MemCopy.obj</name>
      </input_file>
      <input_file id="fl-19">
         <path>.\src\</path>
         <kind>object</kind>
         <file>DSP2833x_PieCtrl.obj</file>
         <name>DSP2833x_PieCtrl.obj</name>
      </input_file>
      <input_file id="fl-1a">
         <path>.\src\</path>
         <kind>object</kind>
         <file>DSP2833x_PieVect.obj</file>
         <name>DSP2833x_PieVect.obj</name>
      </input_file>
      <input_file id="fl-1b">
         <path>.\src\</path>
         <kind>object</kind>
         <file>DSP2833x_Sci.obj</file>
         <name>DSP2833x_Sci.obj</name>
      </input_file>
      <input_file id="fl-1c">
         <path>.\src\</path>
         <kind>object</kind>
         <file>DSP2833x_SysCtrl.obj</file>
         <name>DSP2833x_SysCtrl.obj</name>
      </input_file>
      <input_file id="fl-1d">
         <path>.\src\</path>
         <kind>object</kind>
         <file>DSP2833x_Xintf.obj</file>
         <name>DSP2833x_Xintf.obj</name>
      </input_file>
      <input_file id="fl-1e">
         <path>.\src\</path>
         <kind>object</kind>
         <file>DSP2833x_usDelay.obj</file>
         <name>DSP2833x_usDelay.obj</name>
      </input_file>
      <input_file id="fl-1f">
         <path>.\user\</path>
         <kind>object</kind>
         <file>ad7606.obj</file>
         <name>ad7606.obj</name>
      </input_file>
      <input_file id="fl-20">
         <path>.\user\</path>
         <kind>object</kind>
         <file>ad9850.obj</file>
         <name>ad9850.obj</name>
      </input_file>
      <input_file id="fl-21">
         <path>.\user\</path>
         <kind>object</kind>
         <file>ad_data_deal.obj</file>
         <name>ad_data_deal.obj</name>
      </input_file>
      <input_file id="fl-22">
         <path>.\user\</path>
         <kind>object</kind>
         <file>led.obj</file>
         <name>led.obj</name>
      </input_file>
      <input_file id="fl-23">
         <path>.\user\</path>
         <kind>object</kind>
         <file>pwm.obj</file>
         <name>pwm.obj</name>
      </input_file>
      <input_file id="fl-24">
         <path>.\user\</path>
         <kind>object</kind>
         <file>sci.obj</file>
         <name>sci.obj</name>
      </input_file>
      <input_file id="fl-25">
         <path>.\user\</path>
         <kind>object</kind>
         <file>tim.obj</file>
         <name>tim.obj</name>
      </input_file>
      <input_file id="fl-2b">
         <path>E:\CCS\ccsv7\tools\compiler\ti-cgt-c2000_16.9.1.LTS\lib\</path>
         <kind>archive</kind>
         <file>rts2800_fpu32.lib</file>
         <name>boot28.obj</name>
      </input_file>
      <input_file id="fl-2c">
         <path>E:\CCS\ccsv7\tools\compiler\ti-cgt-c2000_16.9.1.LTS\lib\</path>
         <kind>archive</kind>
         <file>rts2800_fpu32.lib</file>
         <name>cpy_tbl.obj</name>
      </input_file>
      <input_file id="fl-2d">
         <path>E:\CCS\ccsv7\tools\compiler\ti-cgt-c2000_16.9.1.LTS\lib\</path>
         <kind>archive</kind>
         <file>rts2800_fpu32.lib</file>
         <name>exit.obj</name>
      </input_file>
      <input_file id="fl-2e">
         <path>E:\CCS\ccsv7\tools\compiler\ti-cgt-c2000_16.9.1.LTS\lib\</path>
         <kind>archive</kind>
         <file>rts2800_fpu32.lib</file>
         <name>fs_div28.obj</name>
      </input_file>
      <input_file id="fl-2f">
         <path>E:\CCS\ccsv7\tools\compiler\ti-cgt-c2000_16.9.1.LTS\lib\</path>
         <kind>archive</kind>
         <file>rts2800_fpu32.lib</file>
         <name>memcpy.obj</name>
      </input_file>
      <input_file id="fl-30">
         <path>E:\CCS\ccsv7\tools\compiler\ti-cgt-c2000_16.9.1.LTS\lib\</path>
         <kind>archive</kind>
         <file>rts2800_fpu32.lib</file>
         <name>memory.obj</name>
      </input_file>
      <input_file id="fl-31">
         <path>E:\CCS\ccsv7\tools\compiler\ti-cgt-c2000_16.9.1.LTS\lib\</path>
         <kind>archive</kind>
         <file>rts2800_fpu32.lib</file>
         <name>memset.obj</name>
      </input_file>
      <input_file id="fl-32">
         <path>E:\CCS\ccsv7\tools\compiler\ti-cgt-c2000_16.9.1.LTS\lib\</path>
         <kind>archive</kind>
         <file>rts2800_fpu32.lib</file>
         <name>pre_init.obj</name>
      </input_file>
      <input_file id="fl-33">
         <path>E:\CCS\ccsv7\tools\compiler\ti-cgt-c2000_16.9.1.LTS\lib\</path>
         <kind>archive</kind>
         <file>rts2800_fpu32.lib</file>
         <name>sprintf.obj</name>
      </input_file>
      <input_file id="fl-34">
         <path>E:\CCS\ccsv7\tools\compiler\ti-cgt-c2000_16.9.1.LTS\lib\</path>
         <kind>archive</kind>
         <file>rts2800_fpu32.lib</file>
         <name>startup.obj</name>
      </input_file>
      <input_file id="fl-35">
         <path>E:\CCS\ccsv7\tools\compiler\ti-cgt-c2000_16.9.1.LTS\lib\</path>
         <kind>archive</kind>
         <file>rts2800_fpu32.lib</file>
         <name>strcat.obj</name>
      </input_file>
      <input_file id="fl-36">
         <path>E:\CCS\ccsv7\tools\compiler\ti-cgt-c2000_16.9.1.LTS\lib\</path>
         <kind>archive</kind>
         <file>rts2800_fpu32.lib</file>
         <name>strcmp.obj</name>
      </input_file>
      <input_file id="fl-37">
         <path>E:\CCS\ccsv7\tools\compiler\ti-cgt-c2000_16.9.1.LTS\lib\</path>
         <kind>archive</kind>
         <file>rts2800_fpu32.lib</file>
         <name>_lock.obj</name>
      </input_file>
      <input_file id="fl-38">
         <path>E:\CCS\ccsv7\tools\compiler\ti-cgt-c2000_16.9.1.LTS\lib\</path>
         <kind>archive</kind>
         <file>rts2800_fpu32.lib</file>
         <name>_printfi.obj</name>
      </input_file>
      <input_file id="fl-39">
         <path>E:\CCS\ccsv7\tools\compiler\ti-cgt-c2000_16.9.1.LTS\lib\</path>
         <kind>archive</kind>
         <file>rts2800_fpu32.lib</file>
         <name>args_main.obj</name>
      </input_file>
      <input_file id="fl-3a">
         <path>E:\CCS\ccsv7\tools\compiler\ti-cgt-c2000_16.9.1.LTS\lib\</path>
         <kind>archive</kind>
         <file>rts2800_fpu32.lib</file>
         <name>atoi.obj</name>
      </input_file>
      <input_file id="fl-3b">
         <path>E:\CCS\ccsv7\tools\compiler\ti-cgt-c2000_16.9.1.LTS\lib\</path>
         <kind>archive</kind>
         <file>rts2800_fpu32.lib</file>
         <name>ctype.obj</name>
      </input_file>
      <input_file id="fl-3c">
         <path>E:\CCS\ccsv7\tools\compiler\ti-cgt-c2000_16.9.1.LTS\lib\</path>
         <kind>archive</kind>
         <file>rts2800_fpu32.lib</file>
         <name>fd_cmp28.obj</name>
      </input_file>
      <input_file id="fl-3d">
         <path>E:\CCS\ccsv7\tools\compiler\ti-cgt-c2000_16.9.1.LTS\lib\</path>
         <kind>archive</kind>
         <file>rts2800_fpu32.lib</file>
         <name>fd_div28.obj</name>
      </input_file>
      <input_file id="fl-3e">
         <path>E:\CCS\ccsv7\tools\compiler\ti-cgt-c2000_16.9.1.LTS\lib\</path>
         <kind>archive</kind>
         <file>rts2800_fpu32.lib</file>
         <name>fd_mpy28.obj</name>
      </input_file>
      <input_file id="fl-3f">
         <path>E:\CCS\ccsv7\tools\compiler\ti-cgt-c2000_16.9.1.LTS\lib\</path>
         <kind>archive</kind>
         <file>rts2800_fpu32.lib</file>
         <name>fd_neg28.obj</name>
      </input_file>
      <input_file id="fl-40">
         <path>E:\CCS\ccsv7\tools\compiler\ti-cgt-c2000_16.9.1.LTS\lib\</path>
         <kind>archive</kind>
         <file>rts2800_fpu32.lib</file>
         <name>fd_sub28.obj</name>
      </input_file>
      <input_file id="fl-41">
         <path>E:\CCS\ccsv7\tools\compiler\ti-cgt-c2000_16.9.1.LTS\lib\</path>
         <kind>archive</kind>
         <file>rts2800_fpu32.lib</file>
         <name>fd_toi28.obj</name>
      </input_file>
      <input_file id="fl-42">
         <path>E:\CCS\ccsv7\tools\compiler\ti-cgt-c2000_16.9.1.LTS\lib\</path>
         <kind>archive</kind>
         <file>rts2800_fpu32.lib</file>
         <name>fd_tol28.obj</name>
      </input_file>
      <input_file id="fl-43">
         <path>E:\CCS\ccsv7\tools\compiler\ti-cgt-c2000_16.9.1.LTS\lib\</path>
         <kind>archive</kind>
         <file>rts2800_fpu32.lib</file>
         <name>fs_tofdfpu32.obj</name>
      </input_file>
      <input_file id="fl-44">
         <path>E:\CCS\ccsv7\tools\compiler\ti-cgt-c2000_16.9.1.LTS\lib\</path>
         <kind>archive</kind>
         <file>rts2800_fpu32.lib</file>
         <name>i_tofd28.obj</name>
      </input_file>
      <input_file id="fl-45">
         <path>E:\CCS\ccsv7\tools\compiler\ti-cgt-c2000_16.9.1.LTS\lib\</path>
         <kind>archive</kind>
         <file>rts2800_fpu32.lib</file>
         <name>l_tofd28.obj</name>
      </input_file>
      <input_file id="fl-46">
         <path>E:\CCS\ccsv7\tools\compiler\ti-cgt-c2000_16.9.1.LTS\lib\</path>
         <kind>archive</kind>
         <file>rts2800_fpu32.lib</file>
         <name>ll_aox28.obj</name>
      </input_file>
      <input_file id="fl-47">
         <path>E:\CCS\ccsv7\tools\compiler\ti-cgt-c2000_16.9.1.LTS\lib\</path>
         <kind>archive</kind>
         <file>rts2800_fpu32.lib</file>
         <name>ll_cmp28.obj</name>
      </input_file>
      <input_file id="fl-48">
         <path>E:\CCS\ccsv7\tools\compiler\ti-cgt-c2000_16.9.1.LTS\lib\</path>
         <kind>archive</kind>
         <file>rts2800_fpu32.lib</file>
         <name>ll_div28.obj</name>
      </input_file>
      <input_file id="fl-49">
         <path>E:\CCS\ccsv7\tools\compiler\ti-cgt-c2000_16.9.1.LTS\lib\</path>
         <kind>archive</kind>
         <file>rts2800_fpu32.lib</file>
         <name>ltoa.obj</name>
      </input_file>
      <input_file id="fl-4a">
         <path>E:\CCS\ccsv7\tools\compiler\ti-cgt-c2000_16.9.1.LTS\lib\</path>
         <kind>archive</kind>
         <file>rts2800_fpu32.lib</file>
         <name>memccpy.obj</name>
      </input_file>
      <input_file id="fl-4b">
         <path>E:\CCS\ccsv7\tools\compiler\ti-cgt-c2000_16.9.1.LTS\lib\</path>
         <kind>archive</kind>
         <file>rts2800_fpu32.lib</file>
         <name>s_frexp.obj</name>
      </input_file>
      <input_file id="fl-4c">
         <path>E:\CCS\ccsv7\tools\compiler\ti-cgt-c2000_16.9.1.LTS\lib\</path>
         <kind>archive</kind>
         <file>rts2800_fpu32.lib</file>
         <name>s_scalbn.obj</name>
      </input_file>
      <input_file id="fl-4d">
         <path>E:\CCS\ccsv7\tools\compiler\ti-cgt-c2000_16.9.1.LTS\lib\</path>
         <kind>archive</kind>
         <file>rts2800_fpu32.lib</file>
         <name>strchr.obj</name>
      </input_file>
      <input_file id="fl-4e">
         <path>E:\CCS\ccsv7\tools\compiler\ti-cgt-c2000_16.9.1.LTS\lib\</path>
         <kind>archive</kind>
         <file>rts2800_fpu32.lib</file>
         <name>strcpy.obj</name>
      </input_file>
      <input_file id="fl-4f">
         <path>E:\CCS\ccsv7\tools\compiler\ti-cgt-c2000_16.9.1.LTS\lib\</path>
         <kind>archive</kind>
         <file>rts2800_fpu32.lib</file>
         <name>strlen.obj</name>
      </input_file>
      <input_file id="fl-50">
         <path>E:\CCS\ccsv7\tools\compiler\ti-cgt-c2000_16.9.1.LTS\lib\</path>
         <kind>archive</kind>
         <file>rts2800_fpu32.lib</file>
         <name>errno.obj</name>
      </input_file>
      <input_file id="fl-51">
         <path>E:\CCS\ccsv7\tools\compiler\ti-cgt-c2000_16.9.1.LTS\lib\</path>
         <kind>archive</kind>
         <file>rts2800_fpu32.lib</file>
         <name>fd_add28.obj</name>
      </input_file>
      <input_file id="fl-52">
         <path>E:\CCS\ccsv7\tools\compiler\ti-cgt-c2000_16.9.1.LTS\lib\</path>
         <kind>archive</kind>
         <file>rts2800_fpu32.lib</file>
         <name>l_div28.obj</name>
      </input_file>
      <input_file id="fl-53">
         <path>E:\CCS\ccsv7\tools\compiler\ti-cgt-c2000_16.9.1.LTS\lib\</path>
         <kind>archive</kind>
         <file>rts2800_fpu32.lib</file>
         <name>s_copysign.obj</name>
      </input_file>
   </input_file_list>
   <object_component_list>
      <object_component id="oc-58">
         <name>.cinit</name>
         <load_address>0x33af90</load_address>
         <run_address>0x33af90</run_address>
         <size>0x2f</size>
         <input_file_ref idref="fl-4"/>
      </object_component>
      <object_component id="oc-113">
         <name>.cinit</name>
         <load_address>0x33afbf</load_address>
         <run_address>0x33afbf</run_address>
         <size>0x21</size>
         <input_file_ref idref="fl-1f"/>
      </object_component>
      <object_component id="oc-11a">
         <name>.cinit</name>
         <load_address>0x33afe0</load_address>
         <run_address>0x33afe0</run_address>
         <size>0xf</size>
         <input_file_ref idref="fl-20"/>
      </object_component>
      <object_component id="oc-149">
         <name>.cinit</name>
         <load_address>0x33afef</load_address>
         <run_address>0x33afef</run_address>
         <size>0xe</size>
         <input_file_ref idref="fl-2d"/>
      </object_component>
      <object_component id="oc-60">
         <name>.cinit</name>
         <load_address>0x33affd</load_address>
         <run_address>0x33affd</run_address>
         <size>0x5</size>
         <input_file_ref idref="fl-5"/>
      </object_component>
      <object_component id="oc-21a">
         <name>.cinit:__lock</name>
         <load_address>0x33b002</load_address>
         <run_address>0x33b002</run_address>
         <size>0x5</size>
         <input_file_ref idref="fl-37"/>
      </object_component>
      <object_component id="oc-22a">
         <name>.cinit:__unlock</name>
         <load_address>0x33b007</load_address>
         <run_address>0x33b007</run_address>
         <size>0x5</size>
         <input_file_ref idref="fl-37"/>
      </object_component>
      <object_component id="oc-1fe">
         <name>.cinit</name>
         <load_address>0x33b00c</load_address>
         <run_address>0x33b00c</run_address>
         <size>0x4</size>
         <input_file_ref idref="fl-50"/>
      </object_component>
      <object_component id="oc-15a">
         <name>.cinit</name>
         <load_address>0x33b010</load_address>
         <run_address>0x33b010</run_address>
         <size>0x4</size>
         <input_file_ref idref="fl-30"/>
      </object_component>
      <object_component id="oc-130">
         <name>.cinit</name>
         <load_address>0x33b014</load_address>
         <run_address>0x33b014</run_address>
         <size>0x4</size>
         <input_file_ref idref="fl-24"/>
      </object_component>
      <object_component id="oc-22b">
         <name>.text</name>
         <load_address>0x338000</load_address>
         <run_address>0x338000</run_address>
         <size>0xc16</size>
         <input_file_ref idref="fl-38"/>
      </object_component>
      <object_component id="oc-215">
         <name>.text</name>
         <load_address>0x338c16</load_address>
         <run_address>0x338c16</run_address>
         <size>0xa5b</size>
         <input_file_ref idref="fl-4"/>
      </object_component>
      <object_component id="oc-22d">
         <name>.text</name>
         <load_address>0x339671</load_address>
         <run_address>0x339671</run_address>
         <size>0x69c</size>
         <input_file_ref idref="fl-20"/>
      </object_component>
      <object_component id="oc-8e">
         <name>.text:retain</name>
         <load_address>0x339d0d</load_address>
         <run_address>0x339d0d</run_address>
         <size>0x316</size>
         <input_file_ref idref="fl-e"/>
      </object_component>
      <object_component id="oc-228">
         <name>.text</name>
         <load_address>0x33a023</load_address>
         <run_address>0x33a023</run_address>
         <size>0x2a9</size>
         <input_file_ref idref="fl-1f"/>
      </object_component>
      <object_component id="oc-1d3">
         <name>.text</name>
         <load_address>0x33a2cc</load_address>
         <run_address>0x33a2cc</run_address>
         <size>0x107</size>
         <input_file_ref idref="fl-48"/>
      </object_component>
      <object_component id="oc-221">
         <name>.text</name>
         <load_address>0x33a3d3</load_address>
         <run_address>0x33a3d3</run_address>
         <size>0xd0</size>
         <input_file_ref idref="fl-1c"/>
      </object_component>
      <object_component id="oc-234">
         <name>.text</name>
         <load_address>0x33a4a3</load_address>
         <run_address>0x33a4a3</run_address>
         <size>0xbc</size>
         <input_file_ref idref="fl-4c"/>
      </object_component>
      <object_component id="oc-201">
         <name>.text</name>
         <load_address>0x33a55f</load_address>
         <run_address>0x33a55f</run_address>
         <size>0x9c</size>
         <input_file_ref idref="fl-51"/>
      </object_component>
      <object_component id="oc-19c">
         <name>.text</name>
         <load_address>0x33a5fb</load_address>
         <run_address>0x33a5fb</run_address>
         <size>0x8b</size>
         <input_file_ref idref="fl-3d"/>
      </object_component>
      <object_component id="oc-14f">
         <name>.text</name>
         <load_address>0x33a686</load_address>
         <run_address>0x33a686</run_address>
         <size>0x88</size>
         <input_file_ref idref="fl-2e"/>
      </object_component>
      <object_component id="oc-1a1">
         <name>.text</name>
         <load_address>0x33a70e</load_address>
         <run_address>0x33a70e</run_address>
         <size>0x83</size>
         <input_file_ref idref="fl-3e"/>
      </object_component>
      <object_component id="oc-233">
         <name>.text</name>
         <load_address>0x33a791</load_address>
         <run_address>0x33a791</run_address>
         <size>0x5a</size>
         <input_file_ref idref="fl-4b"/>
      </object_component>
      <object_component id="oc-4c">
         <name>.text</name>
         <load_address>0x33a7eb</load_address>
         <run_address>0x33a7eb</run_address>
         <size>0x56</size>
         <input_file_ref idref="fl-2b"/>
      </object_component>
      <object_component id="oc-238">
         <name>.text</name>
         <load_address>0x33a841</load_address>
         <run_address>0x33a841</run_address>
         <size>0x4a</size>
         <input_file_ref idref="fl-1b"/>
      </object_component>
      <object_component id="oc-227">
         <name>.text</name>
         <load_address>0x33a88b</load_address>
         <run_address>0x33a88b</run_address>
         <size>0x47</size>
         <input_file_ref idref="fl-22"/>
      </object_component>
      <object_component id="oc-22e">
         <name>.text</name>
         <load_address>0x33a8d2</load_address>
         <run_address>0x33a8d2</run_address>
         <size>0x43</size>
         <input_file_ref idref="fl-24"/>
      </object_component>
      <object_component id="oc-132">
         <name>.text:retain</name>
         <load_address>0x33a915</load_address>
         <run_address>0x33a915</run_address>
         <size>0x41</size>
         <input_file_ref idref="fl-24"/>
      </object_component>
      <object_component id="oc-218">
         <name>.text</name>
         <load_address>0x33a956</load_address>
         <run_address>0x33a956</run_address>
         <size>0x38</size>
         <input_file_ref idref="fl-2"/>
      </object_component>
      <object_component id="oc-21b">
         <name>.text</name>
         <load_address>0x33a98e</load_address>
         <run_address>0x33a98e</run_address>
         <size>0x32</size>
         <input_file_ref idref="fl-33"/>
      </object_component>
      <object_component id="oc-138">
         <name>.text:retain</name>
         <load_address>0x33a9c0</load_address>
         <run_address>0x33a9c0</run_address>
         <size>0x31</size>
         <input_file_ref idref="fl-25"/>
      </object_component>
      <object_component id="oc-230">
         <name>.text</name>
         <load_address>0x33a9f1</load_address>
         <run_address>0x33a9f1</run_address>
         <size>0x31</size>
         <input_file_ref idref="fl-3a"/>
      </object_component>
      <object_component id="oc-232">
         <name>.text</name>
         <load_address>0x33aa22</load_address>
         <run_address>0x33aa22</run_address>
         <size>0x2e</size>
         <input_file_ref idref="fl-49"/>
      </object_component>
      <object_component id="oc-197">
         <name>.text</name>
         <load_address>0x33aa50</load_address>
         <run_address>0x33aa50</run_address>
         <size>0x2a</size>
         <input_file_ref idref="fl-3c"/>
      </object_component>
      <object_component id="oc-206">
         <name>.text</name>
         <load_address>0x33aa7a</load_address>
         <run_address>0x33aa7a</run_address>
         <size>0x2a</size>
         <input_file_ref idref="fl-52"/>
      </object_component>
      <object_component id="oc-214">
         <name>.text</name>
         <load_address>0x33aaa4</load_address>
         <run_address>0x33aaa4</run_address>
         <size>0x29</size>
         <input_file_ref idref="fl-2d"/>
      </object_component>
      <object_component id="oc-222">
         <name>.text</name>
         <load_address>0x33aacd</load_address>
         <run_address>0x33aacd</run_address>
         <size>0x28</size>
         <input_file_ref idref="fl-19"/>
      </object_component>
      <object_component id="oc-211">
         <name>.text</name>
         <load_address>0x33aaf5</load_address>
         <run_address>0x33aaf5</run_address>
         <size>0x24</size>
         <input_file_ref idref="fl-2c"/>
      </object_component>
      <object_component id="oc-23a">
         <name>.text</name>
         <load_address>0x33ab19</load_address>
         <run_address>0x33ab19</run_address>
         <size>0x24</size>
         <input_file_ref idref="fl-53"/>
      </object_component>
      <object_component id="oc-1b0">
         <name>.text</name>
         <load_address>0x33ab3d</load_address>
         <run_address>0x33ab3d</run_address>
         <size>0x21</size>
         <input_file_ref idref="fl-41"/>
      </object_component>
      <object_component id="oc-223">
         <name>.text</name>
         <load_address>0x33ab5e</load_address>
         <run_address>0x33ab5e</run_address>
         <size>0x20</size>
         <input_file_ref idref="fl-1a"/>
      </object_component>
      <object_component id="oc-1b5">
         <name>.text</name>
         <load_address>0x33ab7e</load_address>
         <run_address>0x33ab7e</run_address>
         <size>0x1f</size>
         <input_file_ref idref="fl-42"/>
      </object_component>
      <object_component id="oc-1ce">
         <name>.text</name>
         <load_address>0x33ab9d</load_address>
         <run_address>0x33ab9d</run_address>
         <size>0x1e</size>
         <input_file_ref idref="fl-47"/>
      </object_component>
      <object_component id="oc-217">
         <name>.text</name>
         <load_address>0x33abbb</load_address>
         <run_address>0x33abbb</run_address>
         <size>0x1e</size>
         <input_file_ref idref="fl-2f"/>
      </object_component>
      <object_component id="oc-1bf">
         <name>.text</name>
         <load_address>0x33abd9</load_address>
         <run_address>0x33abd9</run_address>
         <size>0x1d</size>
         <input_file_ref idref="fl-44"/>
      </object_component>
      <object_component id="oc-1ba">
         <name>.text</name>
         <load_address>0x33abf6</load_address>
         <run_address>0x33abf6</run_address>
         <size>0x1c</size>
         <input_file_ref idref="fl-43"/>
      </object_component>
      <object_component id="oc-1c4">
         <name>.text</name>
         <load_address>0x33ac12</load_address>
         <run_address>0x33ac12</run_address>
         <size>0x1c</size>
         <input_file_ref idref="fl-45"/>
      </object_component>
      <object_component id="oc-213">
         <name>.text</name>
         <load_address>0x33ac2e</load_address>
         <run_address>0x33ac2e</run_address>
         <size>0x19</size>
         <input_file_ref idref="fl-39"/>
      </object_component>
      <object_component id="oc-1c9">
         <name>.text</name>
         <load_address>0x33ac47</load_address>
         <run_address>0x33ac47</run_address>
         <size>0x18</size>
         <input_file_ref idref="fl-46"/>
      </object_component>
      <object_component id="oc-224">
         <name>.text</name>
         <load_address>0x33ac5f</load_address>
         <run_address>0x33ac5f</run_address>
         <size>0x13</size>
         <input_file_ref idref="fl-18"/>
      </object_component>
      <object_component id="oc-1ab">
         <name>.text</name>
         <load_address>0x33ac72</load_address>
         <run_address>0x33ac72</run_address>
         <size>0xe</size>
         <input_file_ref idref="fl-40"/>
      </object_component>
      <object_component id="oc-237">
         <name>.text</name>
         <load_address>0x33ac80</load_address>
         <run_address>0x33ac80</run_address>
         <size>0xd</size>
         <input_file_ref idref="fl-4a"/>
      </object_component>
      <object_component id="oc-21f">
         <name>.text</name>
         <load_address>0x33ac8d</load_address>
         <run_address>0x33ac8d</run_address>
         <size>0xc</size>
         <input_file_ref idref="fl-31"/>
      </object_component>
      <object_component id="oc-235">
         <name>.text</name>
         <load_address>0x33ac99</load_address>
         <run_address>0x33ac99</run_address>
         <size>0xc</size>
         <input_file_ref idref="fl-4d"/>
      </object_component>
      <object_component id="oc-226">
         <name>.text</name>
         <load_address>0x33aca5</load_address>
         <run_address>0x33aca5</run_address>
         <size>0xb</size>
         <input_file_ref idref="fl-3"/>
      </object_component>
      <object_component id="oc-220">
         <name>.text</name>
         <load_address>0x33acb0</load_address>
         <run_address>0x33acb0</run_address>
         <size>0xa</size>
         <input_file_ref idref="fl-36"/>
      </object_component>
      <object_component id="oc-229">
         <name>.text</name>
         <load_address>0x33acba</load_address>
         <run_address>0x33acba</run_address>
         <size>0x9</size>
         <input_file_ref idref="fl-37"/>
      </object_component>
      <object_component id="oc-1a6">
         <name>.text</name>
         <load_address>0x33acc3</load_address>
         <run_address>0x33acc3</run_address>
         <size>0x9</size>
         <input_file_ref idref="fl-3f"/>
      </object_component>
      <object_component id="oc-21e">
         <name>.text</name>
         <load_address>0x33accc</load_address>
         <run_address>0x33accc</run_address>
         <size>0x9</size>
         <input_file_ref idref="fl-35"/>
      </object_component>
      <object_component id="oc-77">
         <name>.text</name>
         <load_address>0x33acd5</load_address>
         <run_address>0x33acd5</run_address>
         <size>0x8</size>
         <input_file_ref idref="fl-a"/>
      </object_component>
      <object_component id="oc-231">
         <name>.text</name>
         <load_address>0x33acdd</load_address>
         <run_address>0x33acdd</run_address>
         <size>0x8</size>
         <input_file_ref idref="fl-4f"/>
      </object_component>
      <object_component id="oc-93">
         <name>.text</name>
         <load_address>0x33ace5</load_address>
         <run_address>0x33ace5</run_address>
         <size>0x7</size>
         <input_file_ref idref="fl-f"/>
      </object_component>
      <object_component id="oc-236">
         <name>.text</name>
         <load_address>0x33acec</load_address>
         <run_address>0x33acec</run_address>
         <size>0x5</size>
         <input_file_ref idref="fl-4e"/>
      </object_component>
      <object_component id="oc-83">
         <name>.text</name>
         <load_address>0x33acf1</load_address>
         <run_address>0x33acf1</run_address>
         <size>0x3</size>
         <input_file_ref idref="fl-c"/>
      </object_component>
      <object_component id="oc-210">
         <name>.text</name>
         <load_address>0x33acf4</load_address>
         <run_address>0x33acf4</run_address>
         <size>0x2</size>
         <input_file_ref idref="fl-32"/>
      </object_component>
      <object_component id="oc-216">
         <name>.text</name>
         <load_address>0x33acf6</load_address>
         <run_address>0x33acf6</run_address>
         <size>0x1</size>
         <input_file_ref idref="fl-21"/>
      </object_component>
      <object_component id="oc-212">
         <name>.text</name>
         <load_address>0x33acf7</load_address>
         <run_address>0x33acf7</run_address>
         <size>0x1</size>
         <input_file_ref idref="fl-34"/>
      </object_component>
      <object_component id="oc-78">
         <name>codestart</name>
         <load_address>0x33fff6</load_address>
         <run_address>0x33fff6</run_address>
         <size>0x2</size>
         <input_file_ref idref="fl-a"/>
      </object_component>
      <object_component id="oc-225">
         <name>ramfuncs</name>
         <load_address>0x320000</load_address>
         <run_address>0x8000</run_address>
         <size>0x1b</size>
         <input_file_ref idref="fl-1c"/>
      </object_component>
      <object_component id="oc-10d">
         <name>ramfuncs</name>
         <load_address>0x32001b</load_address>
         <run_address>0x801b</run_address>
         <size>0x4</size>
         <input_file_ref idref="fl-1e"/>
      </object_component>
      <object_component id="oc-75">
         <name>csmpasswds</name>
         <load_address>0x33fff8</load_address>
         <run_address>0x33fff8</run_address>
         <size>0x8</size>
         <input_file_ref idref="fl-9"/>
      </object_component>
      <object_component id="oc-76">
         <name>csm_rsvd</name>
         <load_address>0x33ff80</load_address>
         <run_address>0x33ff80</run_address>
         <size>0x76</size>
         <input_file_ref idref="fl-9"/>
      </object_component>
      <object_component id="oc-13d">
         <name>.stack</name>
         <uninitialized>true</uninitialized>
         <run_address>0x9000</run_address>
         <size>0x0</size>
         <input_file_ref idref="fl-2b"/>
      </object_component>
      <object_component id="oc-290">
         <name>.stack</name>
         <uninitialized>true</uninitialized>
         <run_address>0x9000</run_address>
         <size>0x0</size>
      </object_component>
      <object_component id="oc-59">
         <name>.ebss</name>
         <uninitialized>true</uninitialized>
         <run_address>0xc140</run_address>
         <size>0x90</size>
         <input_file_ref idref="fl-4"/>
      </object_component>
      <object_component id="oc-61">
         <name>.ebss</name>
         <uninitialized>true</uninitialized>
         <run_address>0xc12a</run_address>
         <size>0x8</size>
         <input_file_ref idref="fl-5"/>
      </object_component>
      <object_component id="oc-7e">
         <name>.ebss</name>
         <uninitialized>true</uninitialized>
         <run_address>0xc106</run_address>
         <size>0x18</size>
         <input_file_ref idref="fl-b"/>
      </object_component>
      <object_component id="oc-114">
         <name>.ebss</name>
         <uninitialized>true</uninitialized>
         <run_address>0xc000</run_address>
         <size>0x106</size>
         <input_file_ref idref="fl-1f"/>
      </object_component>
      <object_component id="oc-11b">
         <name>.ebss</name>
         <uninitialized>true</uninitialized>
         <run_address>0xc11e</run_address>
         <size>0xc</size>
         <input_file_ref idref="fl-20"/>
      </object_component>
      <object_component id="oc-131">
         <name>.ebss</name>
         <uninitialized>true</uninitialized>
         <run_address>0xc1d5</run_address>
         <size>0x1</size>
         <input_file_ref idref="fl-24"/>
      </object_component>
      <object_component id="oc-14a">
         <name>.ebss</name>
         <uninitialized>true</uninitialized>
         <run_address>0xc13a</run_address>
         <size>0x6</size>
         <input_file_ref idref="fl-2d"/>
      </object_component>
      <object_component id="oc-15c">
         <name>.ebss</name>
         <uninitialized>true</uninitialized>
         <run_address>0xc132</run_address>
         <size>0x8</size>
         <input_file_ref idref="fl-30"/>
      </object_component>
      <object_component id="oc-22f">
         <name>.ebss:__unlock</name>
         <uninitialized>true</uninitialized>
         <run_address>0xc1d2</run_address>
         <size>0x2</size>
         <input_file_ref idref="fl-37"/>
      </object_component>
      <object_component id="oc-219">
         <name>.ebss:__lock</name>
         <uninitialized>true</uninitialized>
         <run_address>0xc1d0</run_address>
         <size>0x2</size>
         <input_file_ref idref="fl-37"/>
      </object_component>
      <object_component id="oc-1ff">
         <name>.ebss</name>
         <uninitialized>true</uninitialized>
         <run_address>0xc1d4</run_address>
         <size>0x1</size>
         <input_file_ref idref="fl-50"/>
      </object_component>
      <object_component id="oc-15b">
         <name>.esysmem</name>
         <uninitialized>true</uninitialized>
         <run_address>0x400</run_address>
         <size>0x1</size>
         <input_file_ref idref="fl-30"/>
      </object_component>
      <object_component id="oc-291">
         <name>.esysmem</name>
         <uninitialized>true</uninitialized>
         <run_address>0x400</run_address>
         <size>0x0</size>
      </object_component>
      <object_component id="oc-239">
         <name>.econst:.string:__ctypes_</name>
         <load_address>0x33acf8</load_address>
         <run_address>0x33acf8</run_address>
         <size>0x101</size>
         <input_file_ref idref="fl-3b"/>
      </object_component>
      <object_component id="oc-22c">
         <name>.econst:_PieVectTableInit</name>
         <load_address>0x33adfa</load_address>
         <run_address>0x33adfa</run_address>
         <size>0x100</size>
         <input_file_ref idref="fl-1a"/>
      </object_component>
      <object_component id="oc-186">
         <name>.econst:.string</name>
         <load_address>0x33aefa</load_address>
         <run_address>0x33aefa</run_address>
         <size>0x26</size>
         <input_file_ref idref="fl-38"/>
      </object_component>
      <object_component id="oc-185">
         <name>.econst</name>
         <load_address>0x33af20</load_address>
         <run_address>0x33af20</run_address>
         <size>0x1c</size>
         <input_file_ref idref="fl-38"/>
      </object_component>
      <object_component id="oc-1e9">
         <name>.econst</name>
         <load_address>0x33af3c</load_address>
         <run_address>0x33af3c</run_address>
         <size>0x1c</size>
         <input_file_ref idref="fl-4c"/>
      </object_component>
      <object_component id="oc-5a">
         <name>.econst:.string</name>
         <load_address>0x33af58</load_address>
         <run_address>0x33af58</run_address>
         <size>0x12</size>
         <input_file_ref idref="fl-4"/>
      </object_component>
      <object_component id="oc-21c">
         <name>.econst:.string:_$P$T0$1</name>
         <load_address>0x33af6a</load_address>
         <run_address>0x33af6a</run_address>
         <size>0x11</size>
         <input_file_ref idref="fl-4"/>
      </object_component>
      <object_component id="oc-21d">
         <name>.econst:_$P$T1$2</name>
         <load_address>0x33af7b</load_address>
         <run_address>0x33af7b</run_address>
         <size>0xc</size>
         <input_file_ref idref="fl-4"/>
      </object_component>
      <object_component id="oc-1e3">
         <name>.econst</name>
         <load_address>0x33af88</load_address>
         <run_address>0x33af88</run_address>
         <size>0x8</size>
         <input_file_ref idref="fl-4b"/>
      </object_component>
      <object_component id="oc-13e">
         <name>.reset</name>
         <load_address>0x3fffc0</load_address>
         <run_address>0x3fffc0</run_address>
         <size>0x2</size>
         <input_file_ref idref="fl-2b"/>
      </object_component>
      <object_component id="oc-6b">
         <name>.adc_cal</name>
         <load_address>0x380080</load_address>
         <run_address>0x380080</run_address>
         <size>0x7</size>
         <input_file_ref idref="fl-7"/>
      </object_component>
      <object_component id="oc-de">
         <name>PieVectTableFile</name>
         <uninitialized>true</uninitialized>
         <run_address>0xd00</run_address>
         <size>0x100</size>
         <input_file_ref idref="fl-14"/>
      </object_component>
      <object_component id="oc-da">
         <name>DevEmuRegsFile</name>
         <uninitialized>true</uninitialized>
         <run_address>0x880</run_address>
         <size>0xd0</size>
         <input_file_ref idref="fl-14"/>
      </object_component>
      <object_component id="oc-b0">
         <name>FlashRegsFile</name>
         <uninitialized>true</uninitialized>
         <run_address>0xa80</run_address>
         <size>0x8</size>
         <input_file_ref idref="fl-14"/>
      </object_component>
      <object_component id="oc-b8">
         <name>CsmRegsFile</name>
         <uninitialized>true</uninitialized>
         <run_address>0xae0</run_address>
         <size>0x10</size>
         <input_file_ref idref="fl-14"/>
      </object_component>
      <object_component id="oc-b9">
         <name>AdcMirrorFile</name>
         <uninitialized>true</uninitialized>
         <run_address>0xb00</run_address>
         <size>0x10</size>
         <input_file_ref idref="fl-14"/>
      </object_component>
      <object_component id="oc-bd">
         <name>XintfRegsFile</name>
         <uninitialized>true</uninitialized>
         <run_address>0xb20</run_address>
         <size>0x1e</size>
         <input_file_ref idref="fl-14"/>
      </object_component>
      <object_component id="oc-b1">
         <name>CpuTimer0RegsFile</name>
         <uninitialized>true</uninitialized>
         <run_address>0xc00</run_address>
         <size>0x8</size>
         <input_file_ref idref="fl-14"/>
      </object_component>
      <object_component id="oc-b2">
         <name>CpuTimer1RegsFile</name>
         <uninitialized>true</uninitialized>
         <run_address>0xc08</run_address>
         <size>0x8</size>
         <input_file_ref idref="fl-14"/>
      </object_component>
      <object_component id="oc-ae">
         <name>CpuTimer2RegsFile</name>
         <uninitialized>true</uninitialized>
         <run_address>0xc10</run_address>
         <size>0x8</size>
         <input_file_ref idref="fl-14"/>
      </object_component>
      <object_component id="oc-bb">
         <name>PieCtrlRegsFile</name>
         <uninitialized>true</uninitialized>
         <run_address>0xce0</run_address>
         <size>0x1a</size>
         <input_file_ref idref="fl-14"/>
      </object_component>
      <object_component id="oc-db">
         <name>DmaRegsFile</name>
         <uninitialized>true</uninitialized>
         <run_address>0x1000</run_address>
         <size>0xe0</size>
         <input_file_ref idref="fl-14"/>
      </object_component>
      <object_component id="oc-ce">
         <name>McbspaRegsFile</name>
         <uninitialized>true</uninitialized>
         <run_address>0x5000</run_address>
         <size>0x25</size>
         <input_file_ref idref="fl-14"/>
      </object_component>
      <object_component id="oc-cd">
         <name>McbspbRegsFile</name>
         <uninitialized>true</uninitialized>
         <run_address>0x5040</run_address>
         <size>0x25</size>
         <input_file_ref idref="fl-14"/>
      </object_component>
      <object_component id="oc-d0">
         <name>ECanaRegsFile</name>
         <uninitialized>true</uninitialized>
         <run_address>0x6000</run_address>
         <size>0x34</size>
         <input_file_ref idref="fl-14"/>
      </object_component>
      <object_component id="oc-d4">
         <name>ECanaLAMRegsFile</name>
         <uninitialized>true</uninitialized>
         <run_address>0x6040</run_address>
         <size>0x40</size>
         <input_file_ref idref="fl-14"/>
      </object_component>
      <object_component id="oc-dd">
         <name>ECanaMboxesFile</name>
         <uninitialized>true</uninitialized>
         <run_address>0x6100</run_address>
         <size>0x100</size>
         <input_file_ref idref="fl-14"/>
      </object_component>
      <object_component id="oc-d5">
         <name>ECanaMOTSRegsFile</name>
         <uninitialized>true</uninitialized>
         <run_address>0x6080</run_address>
         <size>0x40</size>
         <input_file_ref idref="fl-14"/>
      </object_component>
      <object_component id="oc-d2">
         <name>ECanaMOTORegsFile</name>
         <uninitialized>true</uninitialized>
         <run_address>0x60c0</run_address>
         <size>0x40</size>
         <input_file_ref idref="fl-14"/>
      </object_component>
      <object_component id="oc-d1">
         <name>ECanbRegsFile</name>
         <uninitialized>true</uninitialized>
         <run_address>0x6200</run_address>
         <size>0x34</size>
         <input_file_ref idref="fl-14"/>
      </object_component>
      <object_component id="oc-d9">
         <name>ECanbLAMRegsFile</name>
         <uninitialized>true</uninitialized>
         <run_address>0x6240</run_address>
         <size>0x40</size>
         <input_file_ref idref="fl-14"/>
      </object_component>
      <object_component id="oc-dc">
         <name>ECanbMboxesFile</name>
         <uninitialized>true</uninitialized>
         <run_address>0x6300</run_address>
         <size>0x100</size>
         <input_file_ref idref="fl-14"/>
      </object_component>
      <object_component id="oc-d3">
         <name>ECanbMOTSRegsFile</name>
         <uninitialized>true</uninitialized>
         <run_address>0x6280</run_address>
         <size>0x40</size>
         <input_file_ref idref="fl-14"/>
      </object_component>
      <object_component id="oc-d6">
         <name>ECanbMOTORegsFile</name>
         <uninitialized>true</uninitialized>
         <run_address>0x62c0</run_address>
         <size>0x40</size>
         <input_file_ref idref="fl-14"/>
      </object_component>
      <object_component id="oc-cb">
         <name>EPwm1RegsFile</name>
         <uninitialized>true</uninitialized>
         <run_address>0x6800</run_address>
         <size>0x22</size>
         <input_file_ref idref="fl-14"/>
      </object_component>
      <object_component id="oc-c6">
         <name>EPwm2RegsFile</name>
         <uninitialized>true</uninitialized>
         <run_address>0x6840</run_address>
         <size>0x22</size>
         <input_file_ref idref="fl-14"/>
      </object_component>
      <object_component id="oc-c7">
         <name>EPwm3RegsFile</name>
         <uninitialized>true</uninitialized>
         <run_address>0x6880</run_address>
         <size>0x22</size>
         <input_file_ref idref="fl-14"/>
      </object_component>
      <object_component id="oc-cc">
         <name>EPwm4RegsFile</name>
         <uninitialized>true</uninitialized>
         <run_address>0x68c0</run_address>
         <size>0x22</size>
         <input_file_ref idref="fl-14"/>
      </object_component>
      <object_component id="oc-c9">
         <name>EPwm5RegsFile</name>
         <uninitialized>true</uninitialized>
         <run_address>0x6900</run_address>
         <size>0x22</size>
         <input_file_ref idref="fl-14"/>
      </object_component>
      <object_component id="oc-ca">
         <name>EPwm6RegsFile</name>
         <uninitialized>true</uninitialized>
         <run_address>0x6940</run_address>
         <size>0x22</size>
         <input_file_ref idref="fl-14"/>
      </object_component>
      <object_component id="oc-c0">
         <name>ECap1RegsFile</name>
         <uninitialized>true</uninitialized>
         <run_address>0x6a00</run_address>
         <size>0x20</size>
         <input_file_ref idref="fl-14"/>
      </object_component>
      <object_component id="oc-c1">
         <name>ECap2RegsFile</name>
         <uninitialized>true</uninitialized>
         <run_address>0x6a20</run_address>
         <size>0x20</size>
         <input_file_ref idref="fl-14"/>
      </object_component>
      <object_component id="oc-be">
         <name>ECap3RegsFile</name>
         <uninitialized>true</uninitialized>
         <run_address>0x6a40</run_address>
         <size>0x20</size>
         <input_file_ref idref="fl-14"/>
      </object_component>
      <object_component id="oc-bf">
         <name>ECap4RegsFile</name>
         <uninitialized>true</uninitialized>
         <run_address>0x6a60</run_address>
         <size>0x20</size>
         <input_file_ref idref="fl-14"/>
      </object_component>
      <object_component id="oc-c4">
         <name>ECap5RegsFile</name>
         <uninitialized>true</uninitialized>
         <run_address>0x6a80</run_address>
         <size>0x20</size>
         <input_file_ref idref="fl-14"/>
      </object_component>
      <object_component id="oc-c5">
         <name>ECap6RegsFile</name>
         <uninitialized>true</uninitialized>
         <run_address>0x6aa0</run_address>
         <size>0x20</size>
         <input_file_ref idref="fl-14"/>
      </object_component>
      <object_component id="oc-d7">
         <name>EQep1RegsFile</name>
         <uninitialized>true</uninitialized>
         <run_address>0x6b00</run_address>
         <size>0x40</size>
         <input_file_ref idref="fl-14"/>
      </object_component>
      <object_component id="oc-d8">
         <name>EQep2RegsFile</name>
         <uninitialized>true</uninitialized>
         <run_address>0x6b40</run_address>
         <size>0x40</size>
         <input_file_ref idref="fl-14"/>
      </object_component>
      <object_component id="oc-cf">
         <name>GpioCtrlRegsFile</name>
         <uninitialized>true</uninitialized>
         <run_address>0x6f80</run_address>
         <size>0x2e</size>
         <input_file_ref idref="fl-14"/>
      </object_component>
      <object_component id="oc-c2">
         <name>GpioDataRegsFile</name>
         <uninitialized>true</uninitialized>
         <run_address>0x6fc0</run_address>
         <size>0x20</size>
         <input_file_ref idref="fl-14"/>
      </object_component>
      <object_component id="oc-b3">
         <name>GpioIntRegsFile</name>
         <uninitialized>true</uninitialized>
         <run_address>0x6fe0</run_address>
         <size>0xa</size>
         <input_file_ref idref="fl-14"/>
      </object_component>
      <object_component id="oc-c3">
         <name>SysCtrlRegsFile</name>
         <uninitialized>true</uninitialized>
         <run_address>0x7010</run_address>
         <size>0x20</size>
         <input_file_ref idref="fl-14"/>
      </object_component>
      <object_component id="oc-b4">
         <name>SpiaRegsFile</name>
         <uninitialized>true</uninitialized>
         <run_address>0x7040</run_address>
         <size>0x10</size>
         <input_file_ref idref="fl-14"/>
      </object_component>
      <object_component id="oc-b7">
         <name>SciaRegsFile</name>
         <uninitialized>true</uninitialized>
         <run_address>0x7050</run_address>
         <size>0x10</size>
         <input_file_ref idref="fl-14"/>
      </object_component>
      <object_component id="oc-ba">
         <name>XIntruptRegsFile</name>
         <uninitialized>true</uninitialized>
         <run_address>0x7070</run_address>
         <size>0x10</size>
         <input_file_ref idref="fl-14"/>
      </object_component>
      <object_component id="oc-bc">
         <name>AdcRegsFile</name>
         <uninitialized>true</uninitialized>
         <run_address>0x7100</run_address>
         <size>0x1e</size>
         <input_file_ref idref="fl-14"/>
      </object_component>
      <object_component id="oc-b5">
         <name>ScibRegsFile</name>
         <uninitialized>true</uninitialized>
         <run_address>0x7750</run_address>
         <size>0x10</size>
         <input_file_ref idref="fl-14"/>
      </object_component>
      <object_component id="oc-b6">
         <name>ScicRegsFile</name>
         <uninitialized>true</uninitialized>
         <run_address>0x7770</run_address>
         <size>0x10</size>
         <input_file_ref idref="fl-14"/>
      </object_component>
      <object_component id="oc-c8">
         <name>I2caRegsFile</name>
         <uninitialized>true</uninitialized>
         <run_address>0x7900</run_address>
         <size>0x22</size>
         <input_file_ref idref="fl-14"/>
      </object_component>
      <object_component id="oc-af">
         <name>CsmPwlFile</name>
         <uninitialized>true</uninitialized>
         <run_address>0x33fff8</run_address>
         <size>0x8</size>
         <input_file_ref idref="fl-14"/>
      </object_component>
      <object_component id="oc-ad">
         <name>PartIdRegsFile</name>
         <uninitialized>true</uninitialized>
         <run_address>0x380090</run_address>
         <size>0x1</size>
         <input_file_ref idref="fl-14"/>
      </object_component>
      <object_component id="oc-4d">
         <name>.debug_info</name>
         <load_address>0x0</load_address>
         <run_address>0x0</run_address>
         <size>0x6fc</size>
         <input_file_ref idref="fl-2"/>
      </object_component>
      <object_component id="oc-52">
         <name>.debug_info</name>
         <load_address>0x6fc</load_address>
         <run_address>0x6fc</run_address>
         <size>0x4be</size>
         <input_file_ref idref="fl-3"/>
      </object_component>
      <object_component id="oc-57">
         <name>.debug_info</name>
         <load_address>0xbba</load_address>
         <run_address>0xbba</run_address>
         <size>0x2cde</size>
         <input_file_ref idref="fl-4"/>
      </object_component>
      <object_component id="oc-5f">
         <name>.debug_info</name>
         <load_address>0x3898</load_address>
         <run_address>0x3898</run_address>
         <size>0x509</size>
         <input_file_ref idref="fl-5"/>
      </object_component>
      <object_component id="oc-66">
         <name>.debug_info</name>
         <load_address>0x3da1</load_address>
         <run_address>0x3da1</run_address>
         <size>0x6a7</size>
         <input_file_ref idref="fl-6"/>
      </object_component>
      <object_component id="oc-6c">
         <name>.debug_info</name>
         <load_address>0x4448</load_address>
         <run_address>0x4448</run_address>
         <size>0xe7</size>
         <input_file_ref idref="fl-7"/>
      </object_component>
      <object_component id="oc-70">
         <name>.debug_info</name>
         <load_address>0x452f</load_address>
         <run_address>0x452f</run_address>
         <size>0x1e96</size>
         <input_file_ref idref="fl-8"/>
      </object_component>
      <object_component id="oc-79">
         <name>.debug_info</name>
         <load_address>0x63c5</load_address>
         <run_address>0x63c5</run_address>
         <size>0x122</size>
         <input_file_ref idref="fl-a"/>
      </object_component>
      <object_component id="oc-7d">
         <name>.debug_info</name>
         <load_address>0x64e7</load_address>
         <run_address>0x64e7</run_address>
         <size>0x838</size>
         <input_file_ref idref="fl-b"/>
      </object_component>
      <object_component id="oc-84">
         <name>.debug_info</name>
         <load_address>0x6d1f</load_address>
         <run_address>0x6d1f</run_address>
         <size>0xe5</size>
         <input_file_ref idref="fl-c"/>
      </object_component>
      <object_component id="oc-88">
         <name>.debug_info</name>
         <load_address>0x6e04</load_address>
         <run_address>0x6e04</run_address>
         <size>0x1727</size>
         <input_file_ref idref="fl-d"/>
      </object_component>
      <object_component id="oc-8d">
         <name>.debug_info</name>
         <load_address>0x852b</load_address>
         <run_address>0x852b</run_address>
         <size>0x227b</size>
         <input_file_ref idref="fl-e"/>
      </object_component>
      <object_component id="oc-94">
         <name>.debug_info</name>
         <load_address>0xa7a6</load_address>
         <run_address>0xa7a6</run_address>
         <size>0xeb</size>
         <input_file_ref idref="fl-f"/>
      </object_component>
      <object_component id="oc-98">
         <name>.debug_info</name>
         <load_address>0xa891</load_address>
         <run_address>0xa891</run_address>
         <size>0x5d8e</size>
         <input_file_ref idref="fl-10"/>
      </object_component>
      <object_component id="oc-9d">
         <name>.debug_info</name>
         <load_address>0x1061f</load_address>
         <run_address>0x1061f</run_address>
         <size>0x1b9c</size>
         <input_file_ref idref="fl-11"/>
      </object_component>
      <object_component id="oc-a2">
         <name>.debug_info</name>
         <load_address>0x121bb</load_address>
         <run_address>0x121bb</run_address>
         <size>0x1b9c</size>
         <input_file_ref idref="fl-12"/>
      </object_component>
      <object_component id="oc-a7">
         <name>.debug_info</name>
         <load_address>0x13d57</load_address>
         <run_address>0x13d57</run_address>
         <size>0x1b9c</size>
         <input_file_ref idref="fl-13"/>
      </object_component>
      <object_component id="oc-ac">
         <name>.debug_info</name>
         <load_address>0x158f3</load_address>
         <run_address>0x158f3</run_address>
         <size>0x1338c</size>
         <input_file_ref idref="fl-14"/>
      </object_component>
      <object_component id="oc-e0">
         <name>.debug_info</name>
         <load_address>0x28c7f</load_address>
         <run_address>0x28c7f</run_address>
         <size>0x1b9c</size>
         <input_file_ref idref="fl-15"/>
      </object_component>
      <object_component id="oc-e5">
         <name>.debug_info</name>
         <load_address>0x2a81b</load_address>
         <run_address>0x2a81b</run_address>
         <size>0x1b9b</size>
         <input_file_ref idref="fl-16"/>
      </object_component>
      <object_component id="oc-ea">
         <name>.debug_info</name>
         <load_address>0x2c3b6</load_address>
         <run_address>0x2c3b6</run_address>
         <size>0x49b7</size>
         <input_file_ref idref="fl-17"/>
      </object_component>
      <object_component id="oc-ef">
         <name>.debug_info</name>
         <load_address>0x30d6d</load_address>
         <run_address>0x30d6d</run_address>
         <size>0x467</size>
         <input_file_ref idref="fl-18"/>
      </object_component>
      <object_component id="oc-f4">
         <name>.debug_info</name>
         <load_address>0x311d4</load_address>
         <run_address>0x311d4</run_address>
         <size>0xb50</size>
         <input_file_ref idref="fl-19"/>
      </object_component>
      <object_component id="oc-f9">
         <name>.debug_info</name>
         <load_address>0x31d24</load_address>
         <run_address>0x31d24</run_address>
         <size>0x22ba</size>
         <input_file_ref idref="fl-1a"/>
      </object_component>
      <object_component id="oc-fe">
         <name>.debug_info</name>
         <load_address>0x33fde</load_address>
         <run_address>0x33fde</run_address>
         <size>0x1db0</size>
         <input_file_ref idref="fl-1b"/>
      </object_component>
      <object_component id="oc-103">
         <name>.debug_info</name>
         <load_address>0x35d8e</load_address>
         <run_address>0x35d8e</run_address>
         <size>0x20ec</size>
         <input_file_ref idref="fl-1c"/>
      </object_component>
      <object_component id="oc-108">
         <name>.debug_info</name>
         <load_address>0x37e7a</load_address>
         <run_address>0x37e7a</run_address>
         <size>0x2153</size>
         <input_file_ref idref="fl-1d"/>
      </object_component>
      <object_component id="oc-10e">
         <name>.debug_info</name>
         <load_address>0x39fcd</load_address>
         <run_address>0x39fcd</run_address>
         <size>0xe7</size>
         <input_file_ref idref="fl-1e"/>
      </object_component>
      <object_component id="oc-112">
         <name>.debug_info</name>
         <load_address>0x3a0b4</load_address>
         <run_address>0x3a0b4</run_address>
         <size>0x2a3b</size>
         <input_file_ref idref="fl-1f"/>
      </object_component>
      <object_component id="oc-119">
         <name>.debug_info</name>
         <load_address>0x3caef</load_address>
         <run_address>0x3caef</run_address>
         <size>0x2987</size>
         <input_file_ref idref="fl-20"/>
      </object_component>
      <object_component id="oc-120">
         <name>.debug_info</name>
         <load_address>0x3f476</load_address>
         <run_address>0x3f476</run_address>
         <size>0x3b8</size>
         <input_file_ref idref="fl-21"/>
      </object_component>
      <object_component id="oc-125">
         <name>.debug_info</name>
         <load_address>0x3f82e</load_address>
         <run_address>0x3f82e</run_address>
         <size>0x1fd3</size>
         <input_file_ref idref="fl-22"/>
      </object_component>
      <object_component id="oc-12a">
         <name>.debug_info</name>
         <load_address>0x41801</load_address>
         <run_address>0x41801</run_address>
         <size>0x3b96</size>
         <input_file_ref idref="fl-23"/>
      </object_component>
      <object_component id="oc-12f">
         <name>.debug_info</name>
         <load_address>0x45397</load_address>
         <run_address>0x45397</run_address>
         <size>0x2610</size>
         <input_file_ref idref="fl-24"/>
      </object_component>
      <object_component id="oc-137">
         <name>.debug_info</name>
         <load_address>0x479a7</load_address>
         <run_address>0x479a7</run_address>
         <size>0x1e12</size>
         <input_file_ref idref="fl-25"/>
      </object_component>
      <object_component id="oc-13f">
         <name>.debug_info</name>
         <load_address>0x497b9</load_address>
         <run_address>0x497b9</run_address>
         <size>0x16b</size>
         <input_file_ref idref="fl-2b"/>
      </object_component>
      <object_component id="oc-143">
         <name>.debug_info</name>
         <load_address>0x49924</load_address>
         <run_address>0x49924</run_address>
         <size>0x5c1</size>
         <input_file_ref idref="fl-2c"/>
      </object_component>
      <object_component id="oc-148">
         <name>.debug_info</name>
         <load_address>0x49ee5</load_address>
         <run_address>0x49ee5</run_address>
         <size>0x5ab</size>
         <input_file_ref idref="fl-2d"/>
      </object_component>
      <object_component id="oc-150">
         <name>.debug_info</name>
         <load_address>0x4a490</load_address>
         <run_address>0x4a490</run_address>
         <size>0x10c</size>
         <input_file_ref idref="fl-2e"/>
      </object_component>
      <object_component id="oc-154">
         <name>.debug_info</name>
         <load_address>0x4a59c</load_address>
         <run_address>0x4a59c</run_address>
         <size>0x46f</size>
         <input_file_ref idref="fl-2f"/>
      </object_component>
      <object_component id="oc-159">
         <name>.debug_info</name>
         <load_address>0x4aa0b</load_address>
         <run_address>0x4aa0b</run_address>
         <size>0x55c</size>
         <input_file_ref idref="fl-30"/>
      </object_component>
      <object_component id="oc-161">
         <name>.debug_info</name>
         <load_address>0x4af67</load_address>
         <run_address>0x4af67</run_address>
         <size>0x527</size>
         <input_file_ref idref="fl-31"/>
      </object_component>
      <object_component id="oc-166">
         <name>.debug_info</name>
         <load_address>0x4b48e</load_address>
         <run_address>0x4b48e</run_address>
         <size>0x3e2</size>
         <input_file_ref idref="fl-32"/>
      </object_component>
      <object_component id="oc-16b">
         <name>.debug_info</name>
         <load_address>0x4b870</load_address>
         <run_address>0x4b870</run_address>
         <size>0x697</size>
         <input_file_ref idref="fl-33"/>
      </object_component>
      <object_component id="oc-170">
         <name>.debug_info</name>
         <load_address>0x4bf07</load_address>
         <run_address>0x4bf07</run_address>
         <size>0x3df</size>
         <input_file_ref idref="fl-34"/>
      </object_component>
      <object_component id="oc-175">
         <name>.debug_info</name>
         <load_address>0x4c2e6</load_address>
         <run_address>0x4c2e6</run_address>
         <size>0x50a</size>
         <input_file_ref idref="fl-35"/>
      </object_component>
      <object_component id="oc-17a">
         <name>.debug_info</name>
         <load_address>0x4c7f0</load_address>
         <run_address>0x4c7f0</run_address>
         <size>0x506</size>
         <input_file_ref idref="fl-36"/>
      </object_component>
      <object_component id="oc-17f">
         <name>.debug_info</name>
         <load_address>0x4ccf6</load_address>
         <run_address>0x4ccf6</run_address>
         <size>0x501</size>
         <input_file_ref idref="fl-37"/>
      </object_component>
      <object_component id="oc-184">
         <name>.debug_info</name>
         <load_address>0x4d1f7</load_address>
         <run_address>0x4d1f7</run_address>
         <size>0x2575</size>
         <input_file_ref idref="fl-38"/>
      </object_component>
      <object_component id="oc-18b">
         <name>.debug_info</name>
         <load_address>0x4f76c</load_address>
         <run_address>0x4f76c</run_address>
         <size>0x4ce</size>
         <input_file_ref idref="fl-39"/>
      </object_component>
      <object_component id="oc-190">
         <name>.debug_info</name>
         <load_address>0x4fc3a</load_address>
         <run_address>0x4fc3a</run_address>
         <size>0x454</size>
         <input_file_ref idref="fl-3a"/>
      </object_component>
      <object_component id="oc-195">
         <name>.debug_info</name>
         <load_address>0x5008e</load_address>
         <run_address>0x5008e</run_address>
         <size>0x1dc</size>
         <input_file_ref idref="fl-3b"/>
      </object_component>
      <object_component id="oc-198">
         <name>.debug_info</name>
         <load_address>0x5026a</load_address>
         <run_address>0x5026a</run_address>
         <size>0x118</size>
         <input_file_ref idref="fl-3c"/>
      </object_component>
      <object_component id="oc-19d">
         <name>.debug_info</name>
         <load_address>0x50382</load_address>
         <run_address>0x50382</run_address>
         <size>0x10c</size>
         <input_file_ref idref="fl-3d"/>
      </object_component>
      <object_component id="oc-1a2">
         <name>.debug_info</name>
         <load_address>0x5048e</load_address>
         <run_address>0x5048e</run_address>
         <size>0x10c</size>
         <input_file_ref idref="fl-3e"/>
      </object_component>
      <object_component id="oc-1a7">
         <name>.debug_info</name>
         <load_address>0x5059a</load_address>
         <run_address>0x5059a</run_address>
         <size>0x10c</size>
         <input_file_ref idref="fl-3f"/>
      </object_component>
      <object_component id="oc-1ac">
         <name>.debug_info</name>
         <load_address>0x506a6</load_address>
         <run_address>0x506a6</run_address>
         <size>0x11a</size>
         <input_file_ref idref="fl-40"/>
      </object_component>
      <object_component id="oc-1b1">
         <name>.debug_info</name>
         <load_address>0x507c0</load_address>
         <run_address>0x507c0</run_address>
         <size>0x10c</size>
         <input_file_ref idref="fl-41"/>
      </object_component>
      <object_component id="oc-1b6">
         <name>.debug_info</name>
         <load_address>0x508cc</load_address>
         <run_address>0x508cc</run_address>
         <size>0x10c</size>
         <input_file_ref idref="fl-42"/>
      </object_component>
      <object_component id="oc-1bb">
         <name>.debug_info</name>
         <load_address>0x509d8</load_address>
         <run_address>0x509d8</run_address>
         <size>0x112</size>
         <input_file_ref idref="fl-43"/>
      </object_component>
      <object_component id="oc-1c0">
         <name>.debug_info</name>
         <load_address>0x50aea</load_address>
         <run_address>0x50aea</run_address>
         <size>0x110</size>
         <input_file_ref idref="fl-44"/>
      </object_component>
      <object_component id="oc-1c5">
         <name>.debug_info</name>
         <load_address>0x50bfa</load_address>
         <run_address>0x50bfa</run_address>
         <size>0x110</size>
         <input_file_ref idref="fl-45"/>
      </object_component>
      <object_component id="oc-1ca">
         <name>.debug_info</name>
         <load_address>0x50d0a</load_address>
         <run_address>0x50d0a</run_address>
         <size>0x16e</size>
         <input_file_ref idref="fl-46"/>
      </object_component>
      <object_component id="oc-1cf">
         <name>.debug_info</name>
         <load_address>0x50e78</load_address>
         <run_address>0x50e78</run_address>
         <size>0x146</size>
         <input_file_ref idref="fl-47"/>
      </object_component>
      <object_component id="oc-1d4">
         <name>.debug_info</name>
         <load_address>0x50fbe</load_address>
         <run_address>0x50fbe</run_address>
         <size>0x229</size>
         <input_file_ref idref="fl-48"/>
      </object_component>
      <object_component id="oc-1d8">
         <name>.debug_info</name>
         <load_address>0x511e7</load_address>
         <run_address>0x511e7</run_address>
         <size>0x4ee</size>
         <input_file_ref idref="fl-49"/>
      </object_component>
      <object_component id="oc-1dd">
         <name>.debug_info</name>
         <load_address>0x516d5</load_address>
         <run_address>0x516d5</run_address>
         <size>0x46d</size>
         <input_file_ref idref="fl-4a"/>
      </object_component>
      <object_component id="oc-1e2">
         <name>.debug_info</name>
         <load_address>0x51b42</load_address>
         <run_address>0x51b42</run_address>
         <size>0x537</size>
         <input_file_ref idref="fl-4b"/>
      </object_component>
      <object_component id="oc-1e8">
         <name>.debug_info</name>
         <load_address>0x52079</load_address>
         <run_address>0x52079</run_address>
         <size>0x5e2</size>
         <input_file_ref idref="fl-4c"/>
      </object_component>
      <object_component id="oc-1ee">
         <name>.debug_info</name>
         <load_address>0x5265b</load_address>
         <run_address>0x5265b</run_address>
         <size>0x516</size>
         <input_file_ref idref="fl-4d"/>
      </object_component>
      <object_component id="oc-1f3">
         <name>.debug_info</name>
         <load_address>0x52b71</load_address>
         <run_address>0x52b71</run_address>
         <size>0x4f0</size>
         <input_file_ref idref="fl-4e"/>
      </object_component>
      <object_component id="oc-1f8">
         <name>.debug_info</name>
         <load_address>0x53061</load_address>
         <run_address>0x53061</run_address>
         <size>0x4cf</size>
         <input_file_ref idref="fl-4f"/>
      </object_component>
      <object_component id="oc-1fd">
         <name>.debug_info</name>
         <load_address>0x53530</load_address>
         <run_address>0x53530</run_address>
         <size>0x1bb</size>
         <input_file_ref idref="fl-50"/>
      </object_component>
      <object_component id="oc-202">
         <name>.debug_info</name>
         <load_address>0x536eb</load_address>
         <run_address>0x536eb</run_address>
         <size>0x10c</size>
         <input_file_ref idref="fl-51"/>
      </object_component>
      <object_component id="oc-207">
         <name>.debug_info</name>
         <load_address>0x537f7</load_address>
         <run_address>0x537f7</run_address>
         <size>0x19d</size>
         <input_file_ref idref="fl-52"/>
      </object_component>
      <object_component id="oc-20b">
         <name>.debug_info</name>
         <load_address>0x53994</load_address>
         <run_address>0x53994</run_address>
         <size>0x4c4</size>
         <input_file_ref idref="fl-53"/>
      </object_component>
      <object_component id="oc-292">
         <name>.debug_info</name>
         <load_address>0x53e58</load_address>
         <run_address>0x53e58</run_address>
         <size>0x98</size>
      </object_component>
      <object_component id="oc-4e">
         <name>.debug_frame</name>
         <load_address>0x0</load_address>
         <run_address>0x0</run_address>
         <size>0x46</size>
         <input_file_ref idref="fl-2"/>
      </object_component>
      <object_component id="oc-53">
         <name>.debug_frame</name>
         <load_address>0x46</load_address>
         <run_address>0x46</run_address>
         <size>0x43</size>
         <input_file_ref idref="fl-3"/>
      </object_component>
      <object_component id="oc-5b">
         <name>.debug_frame</name>
         <load_address>0x89</load_address>
         <run_address>0x89</run_address>
         <size>0x40c</size>
         <input_file_ref idref="fl-4"/>
      </object_component>
      <object_component id="oc-62">
         <name>.debug_frame</name>
         <load_address>0x495</load_address>
         <run_address>0x495</run_address>
         <size>0x2e</size>
         <input_file_ref idref="fl-5"/>
      </object_component>
      <object_component id="oc-67">
         <name>.debug_frame</name>
         <load_address>0x4c3</load_address>
         <run_address>0x4c3</run_address>
         <size>0x2e</size>
         <input_file_ref idref="fl-6"/>
      </object_component>
      <object_component id="oc-71">
         <name>.debug_frame</name>
         <load_address>0x4f1</load_address>
         <run_address>0x4f1</run_address>
         <size>0x2e</size>
         <input_file_ref idref="fl-8"/>
      </object_component>
      <object_component id="oc-7f">
         <name>.debug_frame</name>
         <load_address>0x51f</load_address>
         <run_address>0x51f</run_address>
         <size>0x2e</size>
         <input_file_ref idref="fl-b"/>
      </object_component>
      <object_component id="oc-89">
         <name>.debug_frame</name>
         <load_address>0x54d</load_address>
         <run_address>0x54d</run_address>
         <size>0x2e</size>
         <input_file_ref idref="fl-d"/>
      </object_component>
      <object_component id="oc-8f">
         <name>.debug_frame</name>
         <load_address>0x57b</load_address>
         <run_address>0x57b</run_address>
         <size>0xb99</size>
         <input_file_ref idref="fl-e"/>
      </object_component>
      <object_component id="oc-99">
         <name>.debug_frame</name>
         <load_address>0x1114</load_address>
         <run_address>0x1114</run_address>
         <size>0x2e</size>
         <input_file_ref idref="fl-10"/>
      </object_component>
      <object_component id="oc-9e">
         <name>.debug_frame</name>
         <load_address>0x1142</load_address>
         <run_address>0x1142</run_address>
         <size>0x2e</size>
         <input_file_ref idref="fl-11"/>
      </object_component>
      <object_component id="oc-a3">
         <name>.debug_frame</name>
         <load_address>0x1170</load_address>
         <run_address>0x1170</run_address>
         <size>0x2e</size>
         <input_file_ref idref="fl-12"/>
      </object_component>
      <object_component id="oc-a8">
         <name>.debug_frame</name>
         <load_address>0x119e</load_address>
         <run_address>0x119e</run_address>
         <size>0x2e</size>
         <input_file_ref idref="fl-13"/>
      </object_component>
      <object_component id="oc-e1">
         <name>.debug_frame</name>
         <load_address>0x11cc</load_address>
         <run_address>0x11cc</run_address>
         <size>0x2e</size>
         <input_file_ref idref="fl-15"/>
      </object_component>
      <object_component id="oc-e6">
         <name>.debug_frame</name>
         <load_address>0x11fa</load_address>
         <run_address>0x11fa</run_address>
         <size>0x2e</size>
         <input_file_ref idref="fl-16"/>
      </object_component>
      <object_component id="oc-eb">
         <name>.debug_frame</name>
         <load_address>0x1228</load_address>
         <run_address>0x1228</run_address>
         <size>0x2e</size>
         <input_file_ref idref="fl-17"/>
      </object_component>
      <object_component id="oc-f0">
         <name>.debug_frame</name>
         <load_address>0x1256</load_address>
         <run_address>0x1256</run_address>
         <size>0x49</size>
         <input_file_ref idref="fl-18"/>
      </object_component>
      <object_component id="oc-f5">
         <name>.debug_frame</name>
         <load_address>0x129f</load_address>
         <run_address>0x129f</run_address>
         <size>0x58</size>
         <input_file_ref idref="fl-19"/>
      </object_component>
      <object_component id="oc-fa">
         <name>.debug_frame</name>
         <load_address>0x12f7</load_address>
         <run_address>0x12f7</run_address>
         <size>0x49</size>
         <input_file_ref idref="fl-1a"/>
      </object_component>
      <object_component id="oc-ff">
         <name>.debug_frame</name>
         <load_address>0x1340</load_address>
         <run_address>0x1340</run_address>
         <size>0x97</size>
         <input_file_ref idref="fl-1b"/>
      </object_component>
      <object_component id="oc-104">
         <name>.debug_frame</name>
         <load_address>0x13d7</load_address>
         <run_address>0x13d7</run_address>
         <size>0xce</size>
         <input_file_ref idref="fl-1c"/>
      </object_component>
      <object_component id="oc-109">
         <name>.debug_frame</name>
         <load_address>0x14a5</load_address>
         <run_address>0x14a5</run_address>
         <size>0x2e</size>
         <input_file_ref idref="fl-1d"/>
      </object_component>
      <object_component id="oc-115">
         <name>.debug_frame</name>
         <load_address>0x14d3</load_address>
         <run_address>0x14d3</run_address>
         <size>0x184</size>
         <input_file_ref idref="fl-1f"/>
      </object_component>
      <object_component id="oc-11c">
         <name>.debug_frame</name>
         <load_address>0x1657</load_address>
         <run_address>0x1657</run_address>
         <size>0x98</size>
         <input_file_ref idref="fl-20"/>
      </object_component>
      <object_component id="oc-121">
         <name>.debug_frame</name>
         <load_address>0x16ef</load_address>
         <run_address>0x16ef</run_address>
         <size>0x43</size>
         <input_file_ref idref="fl-21"/>
      </object_component>
      <object_component id="oc-126">
[...]
      </symbol>
      <symbol id="sm-384">
         <name>_ECanbRegs</name>
         <value>0x6200</value>
         <object_component_ref idref="oc-d1"/>
      </symbol>
      <symbol id="sm-385">
         <name>_ScibRegs</name>
         <value>0x7750</value>
         <object_component_ref idref="oc-b5"/>
      </symbol>
      <symbol id="sm-386">
         <name>_ECap2Regs</name>
         <value>0x6a20</value>
         <object_component_ref idref="oc-c1"/>
      </symbol>
      <symbol id="sm-387">
         <name>_GpioIntRegs</name>
         <value>0x6fe0</value>
         <object_component_ref idref="oc-b3"/>
      </symbol>
      <symbol id="sm-388">
         <name>_EQep2Regs</name>
         <value>0x6b40</value>
         <object_component_ref idref="oc-d8"/>
      </symbol>
      <symbol id="sm-389">
         <name>_PartIdRegs</name>
         <value>0x380090</value>
         <object_component_ref idref="oc-ad"/>
      </symbol>
      <symbol id="sm-38a">
         <name>_EPwm2Regs</name>
         <value>0x6840</value>
         <object_component_ref idref="oc-c6"/>
      </symbol>
      <symbol id="sm-38b">
         <name>_ECanaMboxes</name>
         <value>0x6100</value>
         <object_component_ref idref="oc-dd"/>
      </symbol>
      <symbol id="sm-38c">
         <name>_ECap3Regs</name>
         <value>0x6a40</value>
         <object_component_ref idref="oc-be"/>
      </symbol>
      <symbol id="sm-38d">
         <name>_ECanaMOTORegs</name>
         <value>0x60c0</value>
         <object_component_ref idref="oc-d2"/>
      </symbol>
      <symbol id="sm-38e">
         <name>_EPwm3Regs</name>
         <value>0x6880</value>
         <object_component_ref idref="oc-c7"/>
      </symbol>
      <symbol id="sm-38f">
         <name>_ECanbLAMRegs</name>
         <value>0x6240</value>
         <object_component_ref idref="oc-d9"/>
      </symbol>
      <symbol id="sm-390">
         <name>_I2caRegs</name>
         <value>0x7900</value>
         <object_component_ref idref="oc-c8"/>
      </symbol>
      <symbol id="sm-3b9">
         <name>_MemCopy</name>
         <value>0x33ac5f</value>
         <object_component_ref idref="oc-224"/>
      </symbol>
      <symbol id="sm-3c5">
         <name>_InitPieCtrl</name>
         <value>0x33aacd</value>
         <object_component_ref idref="oc-222"/>
      </symbol>
      <symbol id="sm-3c6">
         <name>_EnableInterrupts</name>
         <value>0x33aaec</value>
         <object_component_ref idref="oc-222"/>
      </symbol>
      <symbol id="sm-3d6">
         <name>_PieVectTableInit</name>
         <value>0x33adfa</value>
         <object_component_ref idref="oc-22c"/>
      </symbol>
      <symbol id="sm-3d7">
         <name>_InitPieVectTable</name>
         <value>0x33ab5e</value>
         <object_component_ref idref="oc-223"/>
      </symbol>
      <symbol id="sm-3e3">
         <name>_InitScicGpio</name>
         <value>0x33a875</value>
         <object_component_ref idref="oc-238"/>
      </symbol>
      <symbol id="sm-3e4">
         <name>_InitScibGpio</name>
         <value>0x33a85f</value>
         <object_component_ref idref="oc-238"/>
      </symbol>
      <symbol id="sm-3e5">
         <name>_InitSciaGpio</name>
         <value>0x33a849</value>
         <object_component_ref idref="oc-238"/>
      </symbol>
      <symbol id="sm-3e6">
         <name>_InitSciGpio</name>
         <value>0x33a842</value>
         <object_component_ref idref="oc-238"/>
      </symbol>
      <symbol id="sm-3e7">
         <name>_InitSci</name>
         <value>0x33a841</value>
         <object_component_ref idref="oc-238"/>
      </symbol>
      <symbol id="sm-3fe">
         <name>_InitPll</name>
         <value>0x33a3ee</value>
         <object_component_ref idref="oc-221"/>
      </symbol>
      <symbol id="sm-3ff">
         <name>_DisableDog</name>
         <value>0x33a3e6</value>
         <object_component_ref idref="oc-221"/>
      </symbol>
      <symbol id="sm-400">
         <name>_InitPeripheralClocks</name>
         <value>0x33a43f</value>
         <object_component_ref idref="oc-221"/>
      </symbol>
      <symbol id="sm-401">
         <name>_InitFlash</name>
         <value>0x8000</value>
         <object_component_ref idref="oc-225"/>
      </symbol>
      <symbol id="sm-402">
         <name>_CsmUnlock</name>
         <value>0x33a472</value>
         <object_component_ref idref="oc-221"/>
      </symbol>
      <symbol id="sm-403">
         <name>_ServiceDog</name>
         <value>0x33a3dc</value>
         <object_component_ref idref="oc-221"/>
      </symbol>
      <symbol id="sm-404">
         <name>_InitSysCtrl</name>
         <value>0x33a3d3</value>
         <object_component_ref idref="oc-221"/>
      </symbol>
      <symbol id="sm-419">
         <name>_DSP28x_usDelay</name>
         <value>0x801b</value>
         <object_component_ref idref="oc-10d"/>
      </symbol>
      <symbol id="sm-474">
         <name>_Fifo_AddData</name>
         <value>0x33a023</value>
         <object_component_ref idref="oc-228"/>
      </symbol>
      <symbol id="sm-475">
         <name>_AD7606_Scan</name>
         <value>0x33a225</value>
         <object_component_ref idref="oc-228"/>
      </symbol>
      <symbol id="sm-476">
         <name>_AD7606_SetInputRange</name>
         <value>0x33a2ab</value>
         <object_component_ref idref="oc-228"/>
      </symbol>
      <symbol id="sm-477">
         <name>_ADC_Convert</name>
         <value>0xc001</value>
         <object_component_ref idref="oc-114"/>
      </symbol>
      <symbol id="sm-478">
         <name>_AD7606_IsBusy</name>
         <value>0x33a20f</value>
         <object_component_ref idref="oc-228"/>
      </symbol>
      <symbol id="sm-479">
         <name>_AD7606_StartConversion</name>
         <value>0x33a293</value>
         <object_component_ref idref="oc-228"/>
      </symbol>
      <symbol id="sm-47a">
         <name>_AD7606_ConfigAll</name>
         <value>0x33a13c</value>
         <object_component_ref idref="oc-228"/>
      </symbol>
      <symbol id="sm-47b">
         <name>_ADC_Fifo</name>
         <value>0xc040</value>
         <object_component_ref idref="oc-114"/>
      </symbol>
      <symbol id="sm-47c">
         <name>_AD7606_SetOS</name>
         <value>0x33a187</value>
         <object_component_ref idref="oc-228"/>
      </symbol>
      <symbol id="sm-47d">
         <name>_AD7606_ReadAdcReal</name>
         <value>0x33a2b8</value>
         <object_component_ref idref="oc-228"/>
      </symbol>
      <symbol id="sm-47e">
         <name>_AD7606_ReadAdc</name>
         <value>0x33a2af</value>
         <object_component_ref idref="oc-228"/>
      </symbol>
      <symbol id="sm-47f">
         <name>_AD7606_HardWareInit</name>
         <value>0x33a101</value>
         <object_component_ref idref="oc-228"/>
      </symbol>
      <symbol id="sm-480">
         <name>_AD7606_ReadParrelData</name>
         <value>0x33a14e</value>
         <object_component_ref idref="oc-228"/>
      </symbol>
      <symbol id="sm-481">
         <name>_AD7606_TestGpio</name>
         <value>0x33a039</value>
         <object_component_ref idref="oc-228"/>
      </symbol>
      <symbol id="sm-482">
         <name>_IsGotData</name>
         <value>0xc000</value>
         <object_component_ref idref="oc-114"/>
      </symbol>
      <symbol id="sm-483">
         <name>_AD7606_Reset</name>
         <value>0x33a1cf</value>
         <object_component_ref idref="oc-228"/>
      </symbol>
      <symbol id="sm-4a0">
         <name>_AD9850_WriteWithParrel</name>
         <value>0x3397b4</value>
         <object_component_ref idref="oc-22d"/>
      </symbol>
      <symbol id="sm-4a1">
         <name>_AD9850_AllInit</name>
         <value>0x339cec</value>
         <object_component_ref idref="oc-22d"/>
      </symbol>
      <symbol id="sm-4a2">
         <name>_AD9850_ResetWithParrel</name>
         <value>0x3396db</value>
         <object_component_ref idref="oc-22d"/>
      </symbol>
      <symbol id="sm-4a3">
         <name>_AD9850_CommomHardWareInit</name>
         <value>0x339671</value>
         <object_component_ref idref="oc-22d"/>
      </symbol>
      <symbol id="sm-4a4">
         <name>_AD9850</name>
         <value>0xc11e</value>
         <object_component_ref idref="oc-11b"/>
      </symbol>
      <symbol id="sm-4b0">
         <name>_MagnetPosition</name>
         <value>0x33acf6</value>
         <object_component_ref idref="oc-216"/>
      </symbol>
      <symbol id="sm-4bc">
         <name>_SetLed2Status</name>
         <value>0x33a8c1</value>
         <object_component_ref idref="oc-227"/>
      </symbol>
      <symbol id="sm-4bd">
         <name>_SetLed1Status</name>
         <value>0x33a8b1</value>
         <object_component_ref idref="oc-227"/>
      </symbol>
      <symbol id="sm-4be">
         <name>_ToggleLED2</name>
         <value>0x33a8a9</value>
         <object_component_ref idref="oc-227"/>
      </symbol>
      <symbol id="sm-4bf">
         <name>_ToggleLED1</name>
         <value>0x33a8a1</value>
         <object_component_ref idref="oc-227"/>
      </symbol>
      <symbol id="sm-4c0">
         <name>_HardWare_TwoLED_Init</name>
         <value>0x33a88b</value>
         <object_component_ref idref="oc-227"/>
      </symbol>
      <symbol id="sm-4dd">
         <name>_SCI_SendByte</name>
         <value>0x33a8fe</value>
         <object_component_ref idref="oc-22e"/>
      </symbol>
      <symbol id="sm-4de">
         <name>_SCI_SendWord</name>
         <value>0x33a90b</value>
         <object_component_ref idref="oc-22e"/>
      </symbol>
      <symbol id="sm-4df">
         <name>_Dsp28335_SciBInit</name>
         <value>0x33a8d3</value>
         <object_component_ref idref="oc-22e"/>
      </symbol>
      <symbol id="sm-4e0">
         <name>_SciRxIntB_ISR</name>
         <value>0x33a915</value>
         <object_component_ref idref="oc-132"/>
      </symbol>
      <symbol id="sm-4e1">
         <name>_SCItest</name>
         <value>0xc1d5</value>
         <object_component_ref idref="oc-131"/>
      </symbol>
      <symbol id="sm-4e2">
         <name>_Dsp28335_SciAInit</name>
         <value>0x33a8d2</value>
         <object_component_ref idref="oc-22e"/>
      </symbol>
      <symbol id="sm-4ee">
         <name>_cpu_timer0_isr</name>
         <value>0x33a9c0</value>
         <object_component_ref idref="oc-138"/>
      </symbol>
      <symbol id="sm-509">
         <name>_c_int00</name>
         <value>0x33a7eb</value>
         <object_component_ref idref="oc-4c"/>
      </symbol>
      <symbol id="sm-50a">
         <name>__stack</name>
         <value>0x9000</value>
         <object_component_ref idref="oc-13d"/>
      </symbol>
      <symbol id="sm-519">
         <name>_copy_in</name>
         <value>0x33aaf5</value>
         <object_component_ref idref="oc-211"/>
      </symbol>
      <symbol id="sm-52d">
         <name>C$$EXIT</name>
         <value>0x33aaa4</value>
         <object_component_ref idref="oc-214"/>
      </symbol>
      <symbol id="sm-52e">
         <name>_exit</name>
         <value>0x33aaa6</value>
         <object_component_ref idref="oc-214"/>
      </symbol>
      <symbol id="sm-52f">
         <name>___TI_cleanup_ptr</name>
         <value>0xc13c</value>
         <object_component_ref idref="oc-14a"/>
      </symbol>
      <symbol id="sm-530">
         <name>___TI_enable_exit_profile_output</name>
         <value>0xc13a</value>
         <object_component_ref idref="oc-14a"/>
      </symbol>
      <symbol id="sm-531">
         <name>_abort</name>
         <value>0x33aaa4</value>
         <object_component_ref idref="oc-214"/>
      </symbol>
      <symbol id="sm-532">
         <name>___TI_dtors_ptr</name>
         <value>0xc13e</value>
         <object_component_ref idref="oc-14a"/>
      </symbol>
      <symbol id="sm-543">
         <name>FS$$DIV</name>
         <value>0x33a686</value>
         <object_component_ref idref="oc-14f"/>
      </symbol>
      <symbol id="sm-554">
         <name>_memcpy</name>
         <value>0x33abbb</value>
         <object_component_ref idref="oc-217"/>
      </symbol>
      <symbol id="sm-568">
         <name>__sys_memory</name>
         <value>0x400</value>
         <object_component_ref idref="oc-15b"/>
      </symbol>
      <symbol id="sm-576">
         <name>_memset</name>
         <value>0x33ac8d</value>
         <object_component_ref idref="oc-21f"/>
      </symbol>
      <symbol id="sm-582">
         <name>__system_pre_init</name>
         <value>0x33acf4</value>
         <object_component_ref idref="oc-210"/>
      </symbol>
      <symbol id="sm-590">
         <name>_sprintf</name>
         <value>0x33a98e</value>
         <object_component_ref idref="oc-21b"/>
      </symbol>
      <symbol id="sm-59c">
         <name>__system_post_cinit</name>
         <value>0x33acf7</value>
         <object_component_ref idref="oc-212"/>
      </symbol>
      <symbol id="sm-5ab">
         <name>_strcat</name>
         <value>0x33accc</value>
         <object_component_ref idref="oc-21e"/>
      </symbol>
      <symbol id="sm-5b9">
         <name>_strcmp</name>
         <value>0x33acb0</value>
         <object_component_ref idref="oc-220"/>
      </symbol>
      <symbol id="sm-5cd">
         <name>__unlock</name>
         <value>0xc1d2</value>
         <object_component_ref idref="oc-22f"/>
      </symbol>
      <symbol id="sm-5ce">
         <name>__lock</name>
         <value>0xc1d0</value>
         <object_component_ref idref="oc-219"/>
      </symbol>
      <symbol id="sm-5cf">
         <name>__register_lock</name>
         <value>0x33acbe</value>
         <object_component_ref idref="oc-229"/>
      </symbol>
      <symbol id="sm-5d0">
         <name>__nop</name>
         <value>0x33acc2</value>
         <object_component_ref idref="oc-229"/>
      </symbol>
      <symbol id="sm-5d1">
         <name>__register_unlock</name>
         <value>0x33acba</value>
         <object_component_ref idref="oc-229"/>
      </symbol>
      <symbol id="sm-6fc">
         <name>___TI_printfi</name>
         <value>0x338ae3</value>
         <object_component_ref idref="oc-22b"/>
      </symbol>
      <symbol id="sm-70b">
         <name>__args_main</name>
         <value>0x33ac2e</value>
         <object_component_ref idref="oc-213"/>
      </symbol>
      <symbol id="sm-71f">
         <name>_atoi</name>
         <value>0x33a9f1</value>
         <object_component_ref idref="oc-230"/>
      </symbol>
      <symbol id="sm-727">
         <name>__ctypes_</name>
         <value>0x33acf8</value>
         <object_component_ref idref="oc-239"/>
      </symbol>
      <symbol id="sm-737">
         <name>FD$$CMP</name>
         <value>0x33aa50</value>
         <object_component_ref idref="oc-197"/>
      </symbol>
      <symbol id="sm-74e">
         <name>FD$$DIV</name>
         <value>0x33a5fb</value>
         <object_component_ref idref="oc-19c"/>
      </symbol>
      <symbol id="sm-760">
         <name>FD$$MPY</name>
         <value>0x33a70e</value>
         <object_component_ref idref="oc-1a1"/>
      </symbol>
      <symbol id="sm-76d">
         <name>FD$$NEG</name>
         <value>0x33acc3</value>
         <object_component_ref idref="oc-1a6"/>
      </symbol>
      <symbol id="sm-779">
         <name>FD$$SUB</name>
         <value>0x33ac72</value>
         <object_component_ref idref="oc-1ab"/>
      </symbol>
      <symbol id="sm-788">
         <name>FD$$TOI</name>
         <value>0x33ab3d</value>
         <object_component_ref idref="oc-1b0"/>
      </symbol>
      <symbol id="sm-797">
         <name>FD$$TOL</name>
         <value>0x33ab7e</value>
         <object_component_ref idref="oc-1b5"/>
      </symbol>
      <symbol id="sm-7a7">
         <name>FS$$TOFD</name>
         <value>0x33abf6</value>
         <object_component_ref idref="oc-1ba"/>
      </symbol>
      <symbol id="sm-7b7">
         <name>I$$TOFD</name>
         <value>0x33abd9</value>
         <object_component_ref idref="oc-1bf"/>
      </symbol>
      <symbol id="sm-7c7">
         <name>L$$TOFD</name>
         <value>0x33ac12</value>
         <object_component_ref idref="oc-1c4"/>
      </symbol>
      <symbol id="sm-7d3">
         <name>LL$$AND</name>
         <value>0x33ac47</value>
         <object_component_ref idref="oc-1c9"/>
      </symbol>
      <symbol id="sm-7d4">
         <name>LL$$OR</name>
         <value>0x33ac4f</value>
         <object_component_ref idref="oc-1c9"/>
      </symbol>
      <symbol id="sm-7d5">
         <name>LL$$XOR</name>
         <value>0x33ac57</value>
         <object_component_ref idref="oc-1c9"/>
      </symbol>
      <symbol id="sm-7e3">
         <name>ULL$$CMP</name>
         <value>0x33abaf</value>
         <object_component_ref idref="oc-1ce"/>
      </symbol>
      <symbol id="sm-7e4">
         <name>LL$$CMP</name>
         <value>0x33ab9d</value>
         <object_component_ref idref="oc-1ce"/>
      </symbol>
      <symbol id="sm-810">
         <name>ULL$$MOD</name>
         <value>0x33a371</value>
         <object_component_ref idref="oc-1d3"/>
      </symbol>
      <symbol id="sm-811">
         <name>ULL$$DIV</name>
         <value>0x33a342</value>
         <object_component_ref idref="oc-1d3"/>
      </symbol>
      <symbol id="sm-812">
         <name>LL$$MOD</name>
         <value>0x33a308</value>
         <object_component_ref idref="oc-1d3"/>
      </symbol>
      <symbol id="sm-813">
         <name>LL$$DIV</name>
         <value>0x33a2cc</value>
         <object_component_ref idref="oc-1d3"/>
      </symbol>
      <symbol id="sm-821">
         <name>_ltoa</name>
         <value>0x33aa22</value>
         <object_component_ref idref="oc-232"/>
      </symbol>
      <symbol id="sm-830">
         <name>_memccpy</name>
         <value>0x33ac80</value>
         <object_component_ref idref="oc-237"/>
      </symbol>
      <symbol id="sm-843">
         <name>_frexpl</name>
         <value>0x33a791</value>
         <object_component_ref idref="oc-233"/>
      </symbol>
      <symbol id="sm-860">
         <name>_scalbnl</name>
         <value>0x33a4a3</value>
         <object_component_ref idref="oc-234"/>
      </symbol>
      <symbol id="sm-861">
         <name>_ldexpl</name>
         <value>0x33a4a3</value>
         <object_component_ref idref="oc-234"/>
      </symbol>
      <symbol id="sm-870">
         <name>_strchr</name>
         <value>0x33ac99</value>
         <object_component_ref idref="oc-235"/>
      </symbol>
      <symbol id="sm-87d">
         <name>_strcpy</name>
         <value>0x33acec</value>
         <object_component_ref idref="oc-236"/>
      </symbol>
      <symbol id="sm-88a">
         <name>_strlen</name>
         <value>0x33acdd</value>
         <object_component_ref idref="oc-231"/>
      </symbol>
      <symbol id="sm-894">
         <name>_errno</name>
         <value>0xc1d4</value>
         <object_component_ref idref="oc-1ff"/>
      </symbol>
      <symbol id="sm-8af">
         <name>FD$$ADD</name>
         <value>0x33a55f</value>
         <object_component_ref idref="oc-201"/>
      </symbol>
      <symbol id="sm-8bb">
         <name>UL$$MOD</name>
         <value>0x33aa9e</value>
         <object_component_ref idref="oc-206"/>
      </symbol>
      <symbol id="sm-8bc">
         <name>L$$MOD</name>
         <value>0x33aa89</value>
         <object_component_ref idref="oc-206"/>
      </symbol>
      <symbol id="sm-8bd">
         <name>L$$DIV</name>
         <value>0x33aa7a</value>
         <object_component_ref idref="oc-206"/>
      </symbol>
      <symbol id="sm-8be">
         <name>UL$$DIV</name>
         <value>0x33aa97</value>
         <object_component_ref idref="oc-206"/>
      </symbol>
      <symbol id="sm-8cb">
         <name>_copysignl</name>
         <value>0x33ab19</value>
         <object_component_ref idref="oc-23a"/>
      </symbol>
   </symbol_table>
   <title>Link successful</title>
</link_info>
