******************************************************************************
             TMS320C2000 Linker PC v16.9.1                     
******************************************************************************
>> Linked Mon Oct 23 14:45:10 2017

OUTPUT FILE NAME:   <28335_MyFirst.out>
ENTRY POINT SYMBOL: "_c_int00"  address: 0033a7eb


MEMORY CONFIGURATION

         name            origin    length      used     unused   attr    fill
----------------------  --------  ---------  --------  --------  ----  --------
PAGE 0:
  ZONE0                 00004000   00001000  00000000  00001000  RWIX
  RAML0                 00008000   00001000  0000001f  00000fe1  RWIX
  RAML1                 00009000   00001000  00000300  00000d00  RWIX
  RAML2                 0000a000   00001000  00000000  00001000  RWIX
  RAML3                 0000b000   00001000  00000000  00001000  RWIX
  ZONE6                 00100000   00100000  00000000  00100000  RWIX
  ZONE7A                00200000   0000fc00  00000000  0000fc00  RWIX
  FLASHH                00300000   00008000  00000000  00008000  RWIX
  FLASHG                00308000   00008000  00000000  00008000  RWIX
  FLASHF                00310000   00008000  00000000  00008000  RWIX
  FLASHE                00318000   00008000  00000000  00008000  RWIX
  FLASHD                00320000   00008000  0000001f  00007fe1  RWIX
  FLASHC                00328000   00008000  00000000  00008000  RWIX
  FLASHA                00338000   00007f80  0000301a  00004f66  RWIX
  CSM_RSVD              0033ff80   00000076  00000076  00000000  RWIX
  BEGIN                 0033fff6   00000002  00000002  00000000  RWIX
  CSM_PWL               0033fff8   00000008  00000008  00000000  RWIX
  ADC_CAL               00380080   00000009  00000007  00000002  RWIX
  OTP                   00380400   00000400  00000000  00000400  RWIX
  IQTABLES              003fe000   00000b50  00000000  00000b50  RWIX
  IQTABLES2             003feb50   0000008c  00000000  0000008c  RWIX
  FPUTABLES             003febdc   000006a0  00000000  000006a0  RWIX
  ROM                   003ff27c   00000d44  00000000  00000d44  RWIX
  RESET                 003fffc0   00000002  00000000  00000002  RWIX
  VECTORS               003fffc2   0000003e  00000000  0000003e  RWIX

PAGE 1:
  BOOT_RSVD             00000000   00000050  00000000  00000050  RWIX
  RAMM0                 00000050   000003b0  00000000  000003b0  RWIX
  RAMM1                 00000400   00000400  00000400  00000000  RWIX
  DEV_EMU               00000880   00000180  000000d0  000000b0  RWIX
  FLASH_REGS            00000a80   00000060  00000008  00000058  RWIX
  CSM                   00000ae0   00000010  00000010  00000000  RWIX
  ADC_MIRROR            00000b00   00000010  00000010  00000000  RWIX
  XINTF                 00000b20   00000020  0000001e  00000002  RWIX
  CPU_TIMER0            00000c00   00000008  00000008  00000000  RWIX
  CPU_TIMER1            00000c08   00000008  00000008  00000000  RWIX
  CPU_TIMER2            00000c10   00000008  00000008  00000000  RWIX
  PIE_CTRL              00000ce0   00000020  0000001a  00000006  RWIX
  PIE_VECT              00000d00   00000100  00000100  00000000  RWIX
  DMA                   00001000   00000200  000000e0  00000120  RWIX
  MCBSPA                00005000   00000040  00000025  0000001b  RWIX
  MCBSPB                00005040   00000040  00000025  0000001b  RWIX
  ECANA                 00006000   00000040  00000034  0000000c  RWIX
  ECANA_LAM             00006040   00000040  00000040  00000000  RWIX
  ECANA_MOTS            00006080   00000040  00000040  00000000  RWIX
  ECANA_MOTO            000060c0   00000040  00000040  00000000  RWIX
  ECANA_MBOX            00006100   00000100  00000100  00000000  RWIX
  ECANB                 00006200   00000040  00000034  0000000c  RWIX
  ECANB_LAM             00006240   00000040  00000040  00000000  RWIX
  ECANB_MOTS            00006280   00000040  00000040  00000000  RWIX
  ECANB_MOTO            000062c0   00000040  00000040  00000000  RWIX
  ECANB_MBOX            00006300   00000100  00000100  00000000  RWIX
  EPWM1                 00006800   00000022  00000022  00000000  RWIX
  EPWM2                 00006840   00000022  00000022  00000000  RWIX
  EPWM3                 00006880   00000022  00000022  00000000  RWIX
  EPWM4                 000068c0   00000022  00000022  00000000  RWIX
  EPWM5                 00006900   00000022  00000022  00000000  RWIX
  EPWM6                 00006940   00000022  00000022  00000000  RWIX
  ECAP1                 00006a00   00000020  00000020  00000000  RWIX
  ECAP2                 00006a20   00000020  00000020  00000000  RWIX
  ECAP3                 00006a40   00000020  00000020  00000000  RWIX
  ECAP4                 00006a60   00000020  00000020  00000000  RWIX
  ECAP5                 00006a80   00000020  00000020  00000000  RWIX
  ECAP6                 00006aa0   00000020  00000020  00000000  RWIX
  EQEP1                 00006b00   00000040  00000040  00000000  RWIX
  EQEP2                 00006b40   00000040  00000040  00000000  RWIX
  GPIOCTRL              00006f80   00000040  0000002e  00000012  RWIX
  GPIODAT               00006fc0   00000020  00000020  00000000  RWIX
  GPIOINT               00006fe0   00000020  0000000a  00000016  RWIX
  SYSTEM                00007010   00000020  00000020  00000000  RWIX
  SPIA                  00007040   00000010  00000010  00000000  RWIX
  SCIA                  00007050   00000010  00000010  00000000  RWIX
  XINTRUPT              00007070   00000010  00000010  00000000  RWIX
  ADC                   00007100   00000020  0000001e  00000002  RWIX
  SCIB                  00007750   00000010  00000010  00000000  RWIX
  SCIC                  00007770   00000010  00000010  00000000  RWIX
  I2CA                  00007900   00000040  00000022  0000001e  RWIX
  RAML4                 0000c000   00001000  000001d6  00000e2a  RWIX
  RAML5                 0000d000   00001000  00000000  00001000  RWIX
  RAML6                 0000e000   00001000  00000000  00001000  RWIX
  RAML7                 0000f000   00001000  00000000  00001000  RWIX
  ZONE7B                0020fc00   00000400  00000000  00000400  RWIX
  FLASHB                00330000   00008000  00000000  00008000  RWIX
  CSM_PWL               0033fff8   00000008  00000008  00000000  RWIX
  PARTID                00380090   00000001  00000001  00000000  RWIX


SECTION ALLOCATION MAP

 output                                  attributes/
section   page    origin      length       input sections
--------  ----  ----------  ----------   ----------------
.stack     0    00009000    00000300     UNINITIALIZED
                  00009000    00000300     --HOLE--

ramfuncs   0    00320000    0000001f     RUN ADDR = 00008000
                  00320000    0000001b     DSP2833x_SysCtrl.obj (ramfuncs)
                  0032001b    00000004     DSP2833x_usDelay.obj (ramfuncs)

.text      0    00338000    00002cf8     
                  00338000    00000c16     rts2800_fpu32.lib : _printfi.obj (.text)
                  00338c16    00000a5b     CString.obj (.text)
                  00339671    0000069c     ad9850.obj (.text)
                  00339d0d    00000316     DSP2833x_DefaultIsr.obj (.text:retain)
                  0033a023    000002a9     ad7606.obj (.text)
                  0033a2cc    00000107     rts2800_fpu32.lib : ll_div28.obj (.text)
                  0033a3d3    000000d0     DSP2833x_SysCtrl.obj (.text)
                  0033a4a3    000000bc     rts2800_fpu32.lib : s_scalbn.obj (.text)
                  0033a55f    0000009c                       : fd_add28.obj (.text)
                  0033a5fb    0000008b                       : fd_div28.obj (.text)
                  0033a686    00000088                       : fs_div28.obj (.text)
                  0033a70e    00000083                       : fd_mpy28.obj (.text)
                  0033a791    0000005a                       : s_frexp.obj (.text)
                  0033a7eb    00000056                       : boot28.obj (.text)
                  0033a841    0000004a     DSP2833x_Sci.obj (.text)
                  0033a88b    00000047     led.obj (.text)
                  0033a8d2    00000043     sci.obj (.text)
                  0033a915    00000041     sci.obj (.text:retain)
                  0033a956    00000038     main.obj (.text)
                  0033a98e    00000032     rts2800_fpu32.lib : sprintf.obj (.text)
                  0033a9c0    00000031     tim.obj (.text:retain)
                  0033a9f1    00000031     rts2800_fpu32.lib : atoi.obj (.text)
                  0033aa22    0000002e                       : ltoa.obj (.text)
                  0033aa50    0000002a                       : fd_cmp28.obj (.text)
                  0033aa7a    0000002a                       : l_div28.obj (.text)
                  0033aaa4    00000029                       : exit.obj (.text)
                  0033aacd    00000028     DSP2833x_PieCtrl.obj (.text)
                  0033aaf5    00000024     rts2800_fpu32.lib : cpy_tbl.obj (.text)
                  0033ab19    00000024                       : s_copysign.obj (.text)
                  0033ab3d    00000021                       : fd_toi28.obj (.text)
                  0033ab5e    00000020     DSP2833x_PieVect.obj (.text)
                  0033ab7e    0000001f     rts2800_fpu32.lib : fd_tol28.obj (.text)
                  0033ab9d    0000001e                       : ll_cmp28.obj (.text)
                  0033abbb    0000001e                       : memcpy.obj (.text)
                  0033abd9    0000001d                       : i_tofd28.obj (.text)
                  0033abf6    0000001c                       : fs_tofdfpu32.obj (.text)
                  0033ac12    0000001c                       : l_tofd28.obj (.text)
                  0033ac2e    00000019                       : args_main.obj (.text)
                  0033ac47    00000018                       : ll_aox28.obj (.text)
                  0033ac5f    00000013     DSP2833x_MemCopy.obj (.text)
                  0033ac72    0000000e     rts2800_fpu32.lib : fd_sub28.obj (.text)
                  0033ac80    0000000d                       : memccpy.obj (.text)
                  0033ac8d    0000000c                       : memset.obj (.text)
                  0033ac99    0000000c                       : strchr.obj (.text)
                  0033aca5    0000000b     My28335_Init.obj (.text)
                  0033acb0    0000000a     rts2800_fpu32.lib : strcmp.obj (.text)
                  0033acba    00000009                       : _lock.obj (.text)
                  0033acc3    00000009                       : fd_neg28.obj (.text)
                  0033accc    00000009                       : strcat.obj (.text)
                  0033acd5    00000008     DSP2833x_CodeStartBranch.obj (.text)
                  0033acdd    00000008     rts2800_fpu32.lib : strlen.obj (.text)
                  0033ace5    00000007     DSP2833x_DisInt.obj (.text)
                  0033acec    00000005     rts2800_fpu32.lib : strcpy.obj (.text)
                  0033acf1    00000003     DSP2833x_DBGIER.obj (.text)
                  0033acf4    00000002     rts2800_fpu32.lib : pre_init.obj (.text)
                  0033acf6    00000001     ad_data_deal.obj (.text)
                  0033acf7    00000001     rts2800_fpu32.lib : startup.obj (.text)

.econst    0    0033acf8    00000298     
                  0033acf8    00000101     rts2800_fpu32.lib : ctype.obj (.econst:.string:__ctypes_)
                  0033adf9    00000001     --HOLE-- [fill = 0]
                  0033adfa    00000100     DSP2833x_PieVect.obj (.econst:_PieVectTableInit)
                  0033aefa    00000026     rts2800_fpu32.lib : _printfi.obj (.econst:.string)
                  0033af20    0000001c                       : _printfi.obj (.econst)
                  0033af3c    0000001c                       : s_scalbn.obj (.econst)
                  0033af58    00000012     CString.obj (.econst:.string)
                  0033af6a    00000011     CString.obj (.econst:.string:_$P$T0$1)
                  0033af7b    0000000c     CString.obj (.econst:_$P$T1$2)
                  0033af87    00000001     --HOLE-- [fill = 0]
                  0033af88    00000008     rts2800_fpu32.lib : s_frexp.obj (.econst)

.cinit     0    0033af90    0000008a     
                  0033af90    0000002f     CString.obj (.cinit)
                  0033afbf    00000021     ad7606.obj (.cinit)
                  0033afe0    0000000f     ad9850.obj (.cinit)
                  0033afef    0000000e     rts2800_fpu32.lib : exit.obj (.cinit)
                  0033affd    00000005     Queue.obj (.cinit)
                  0033b002    00000005     rts2800_fpu32.lib : _lock.obj (.cinit:__lock)
                  0033b007    00000005                       : _lock.obj (.cinit:__unlock)
                  0033b00c    00000004                       : errno.obj (.cinit)
                  0033b010    00000004                       : memory.obj (.cinit)
                  0033b014    00000004     sci.obj (.cinit)
                  0033b018    00000002     --HOLE-- [fill = 0]

.pinit     0    00338000    00000000     UNINITIALIZED

csm_rsvd   0    0033ff80    00000076     
                  0033ff80    00000076     DSP2833x_CSMPasswords.obj (csm_rsvd)

codestart 
*          0    0033fff6    00000002     
                  0033fff6    00000002     DSP2833x_CodeStartBranch.obj (codestart)

csmpasswds 
*          0    0033fff8    00000008     
                  0033fff8    00000008     DSP2833x_CSMPasswords.obj (csmpasswds)

.adc_cal   0    00380080    00000007     NOLOAD SECTION
                  00380080    00000007     DSP2833x_ADC_cal.obj (.adc_cal)

.esysmem   1    00000400    00000400     UNINITIALIZED
                  00000400    00000001     rts2800_fpu32.lib : memory.obj (.esysmem)
                  00000401    000003ff     --HOLE--

.ebss      1    0000c000    000001d6     UNINITIALIZED
                  0000c000    00000106     ad7606.obj (.ebss)
                  0000c106    00000018     DSP2833x_CpuTimers.obj (.ebss)
                  0000c11e    0000000c     ad9850.obj (.ebss)
                  0000c12a    00000008     Queue.obj (.ebss)
                  0000c132    00000008     rts2800_fpu32.lib : memory.obj (.ebss)
                  0000c13a    00000006                       : exit.obj (.ebss)
                  0000c140    00000090     CString.obj (.ebss)
                  0000c1d0    00000002     rts2800_fpu32.lib : _lock.obj (.ebss:__lock)
                  0000c1d2    00000002                       : _lock.obj (.ebss:__unlock)
                  0000c1d4    00000001                       : errno.obj (.ebss)
                  0000c1d5    00000001     sci.obj (.ebss)

.reset     0    003fffc0    00000002     DSECT
                  003fffc0    00000002     rts2800_fpu32.lib : boot28.obj (.reset)

vectors    0    003fffc2    00000000     DSECT

DevEmuRegsFile 
*          1    00000880    000000d0     UNINITIALIZED
                  00000880    000000d0     DSP2833x_GlobalVariableDefs.obj (DevEmuRegsFile)

FlashRegsFile 
*          1    00000a80    00000008     UNINITIALIZED
                  00000a80    00000008     DSP2833x_GlobalVariableDefs.obj (FlashRegsFile)

CsmRegsFile 
*          1    00000ae0    00000010     UNINITIALIZED
                  00000ae0    00000010     DSP2833x_GlobalVariableDefs.obj (CsmRegsFile)

AdcMirrorFile 
*          1    00000b00    00000010     UNINITIALIZED
                  00000b00    00000010     DSP2833x_GlobalVariableDefs.obj (AdcMirrorFile)

XintfRegsFile 
*          1    00000b20    0000001e     UNINITIALIZED
                  00000b20    0000001e     DSP2833x_GlobalVariableDefs.obj (XintfRegsFile)

CpuTimer0RegsFile 
*          1    00000c00    00000008     UNINITIALIZED
                  00000c00    00000008     DSP2833x_GlobalVariableDefs.obj (CpuTimer0RegsFile)

CpuTimer1RegsFile 
*          1    00000c08    00000008     UNINITIALIZED
                  00000c08    00000008     DSP2833x_GlobalVariableDefs.obj (CpuTimer1RegsFile)

CpuTimer2RegsFile 
*          1    00000c10    00000008     UNINITIALIZED
                  00000c10    00000008     DSP2833x_GlobalVariableDefs.obj (CpuTimer2RegsFile)

PieCtrlRegsFile 
*          1    00000ce0    0000001a     UNINITIALIZED
                  00000ce0    0000001a     DSP2833x_GlobalVariableDefs.obj (PieCtrlRegsFile)

PieVectTableFile 
*          1    00000d00    00000100     UNINITIALIZED
                  00000d00    00000100     DSP2833x_GlobalVariableDefs.obj (PieVectTableFile)

DmaRegsFile 
*          1    00001000    000000e0     UNINITIALIZED
                  00001000    000000e0     DSP2833x_GlobalVariableDefs.obj (DmaRegsFile)

McbspaRegsFile 
*          1    00005000    00000025     UNINITIALIZED
                  00005000    00000025     DSP2833x_GlobalVariableDefs.obj (McbspaRegsFile)

McbspbRegsFile 
*          1    00005040    00000025     UNINITIALIZED
                  00005040    00000025     DSP2833x_GlobalVariableDefs.obj (McbspbRegsFile)

ECanaRegsFile 
*          1    00006000    00000034     UNINITIALIZED
                  00006000    00000034     DSP2833x_GlobalVariableDefs.obj (ECanaRegsFile)

ECanaLAMRegsFile 
*          1    00006040    00000040     UNINITIALIZED
                  00006040    00000040     DSP2833x_GlobalVariableDefs.obj (ECanaLAMRegsFile)

ECanaMOTSRegsFile 
*          1    00006080    00000040     UNINITIALIZED
                  00006080    00000040     DSP2833x_GlobalVariableDefs.obj (ECanaMOTSRegsFile)

ECanaMOTORegsFile 
*          1    000060c0    00000040     UNINITIALIZED
                  000060c0    00000040     DSP2833x_GlobalVariableDefs.obj (ECanaMOTORegsFile)

ECanaMboxesFile 
*          1    00006100    00000100     UNINITIALIZED
                  00006100    00000100     DSP2833x_GlobalVariableDefs.obj (ECanaMboxesFile)

ECanbRegsFile 
*          1    00006200    00000034     UNINITIALIZED
                  00006200    00000034     DSP2833x_GlobalVariableDefs.obj (ECanbRegsFile)

ECanbLAMRegsFile 
*          1    00006240    00000040     UNINITIALIZED
                  00006240    00000040     DSP2833x_GlobalVariableDefs.obj (ECanbLAMRegsFile)

ECanbMOTSRegsFile 
*          1    00006280    00000040     UNINITIALIZED
                  00006280    00000040     DSP2833x_GlobalVariableDefs.obj (ECanbMOTSRegsFile)

ECanbMOTORegsFile 
*          1    000062c0    00000040     UNINITIALIZED
                  000062c0    00000040     DSP2833x_GlobalVariableDefs.obj (ECanbMOTORegsFile)

ECanbMboxesFile 
*          1    00006300    00000100     UNINITIALIZED
                  00006300    00000100     DSP2833x_GlobalVariableDefs.obj (ECanbMboxesFile)

EPwm1RegsFile 
*          1    00006800    00000022     UNINITIALIZED
                  00006800    00000022     DSP2833x_GlobalVariableDefs.obj (EPwm1RegsFile)

EPwm2RegsFile 
*          1    00006840    00000022     UNINITIALIZED
                  00006840    00000022     DSP2833x_GlobalVariableDefs.obj (EPwm2RegsFile)

EPwm3RegsFile 
*          1    00006880    00000022     UNINITIALIZED
                  00006880    00000022     DSP2833x_GlobalVariableDefs.obj (EPwm3RegsFile)

EPwm4RegsFile 
*          1    000068c0    00000022     UNINITIALIZED
                  000068c0    00000022     DSP2833x_GlobalVariableDefs.obj (EPwm4RegsFile)

EPwm5RegsFile 
*          1    00006900    00000022     UNINITIALIZED
                  00006900    00000022     DSP2833x_GlobalVariableDefs.obj (EPwm5RegsFile)

EPwm6RegsFile 
*          1    00006940    00000022     UNINITIALIZED
                  00006940    00000022     DSP2833x_GlobalVariableDefs.obj (EPwm6RegsFile)

ECap1RegsFile 
*          1    00006a00    00000020     UNINITIALIZED
                  00006a00    00000020     DSP2833x_GlobalVariableDefs.obj (ECap1RegsFile)

ECap2RegsFile 
*          1    00006a20    00000020     UNINITIALIZED
                  00006a20    00000020     DSP2833x_GlobalVariableDefs.obj (ECap2RegsFile)

ECap3RegsFile 
*          1    00006a40    00000020     UNINITIALIZED
                  00006a40    00000020     DSP2833x_GlobalVariableDefs.obj (ECap3RegsFile)

ECap4RegsFile 
*          1    00006a60    00000020     UNINITIALIZED
                  00006a60    00000020     DSP2833x_GlobalVariableDefs.obj (ECap4RegsFile)

ECap5RegsFile 
*          1    00006a80    00000020     UNINITIALIZED
                  00006a80    00000020     DSP2833x_GlobalVariableDefs.obj (ECap5RegsFile)

ECap6RegsFile 
*          1    00006aa0    00000020     UNINITIALIZED
                  00006aa0    00000020     DSP2833x_GlobalVariableDefs.obj (ECap6RegsFile)

EQep1RegsFile 
*          1    00006b00    00000040     UNINITIALIZED
                  00006b00    00000040     DSP2833x_GlobalVariableDefs.obj (EQep1RegsFile)

EQep2RegsFile 
*          1    00006b40    00000040     UNINITIALIZED
                  00006b40    00000040     DSP2833x_GlobalVariableDefs.obj (EQep2RegsFile)

GpioCtrlRegsFile 
*          1    00006f80    0000002e     UNINITIALIZED
                  00006f80    0000002e     DSP2833x_GlobalVariableDefs.obj (GpioCtrlRegsFile)

GpioDataRegsFile 
*          1    00006fc0    00000020     UNINITIALIZED
                  00006fc0    00000020     DSP2833x_GlobalVariableDefs.obj (GpioDataRegsFile)

GpioIntRegsFile 
*          1    00006fe0    0000000a     UNINITIALIZED
                  00006fe0    0000000a     DSP2833x_GlobalVariableDefs.obj (GpioIntRegsFile)

SysCtrlRegsFile 
*          1    00007010    00000020     UNINITIALIZED
                  00007010    00000020     DSP2833x_GlobalVariableDefs.obj (SysCtrlRegsFile)

SpiaRegsFile 
*          1    00007040    00000010     UNINITIALIZED
                  00007040    00000010     DSP2833x_GlobalVariableDefs.obj (SpiaRegsFile)

SciaRegsFile 
*          1    00007050    00000010     UNINITIALIZED
                  00007050    00000010     DSP2833x_GlobalVariableDefs.obj (SciaRegsFile)

XIntruptRegsFile 
*          1    00007070    00000010     UNINITIALIZED
                  00007070    00000010     DSP2833x_GlobalVariableDefs.obj (XIntruptRegsFile)

AdcRegsFile 
*          1    00007100    0000001e     UNINITIALIZED
                  00007100    0000001e     DSP2833x_GlobalVariableDefs.obj (AdcRegsFile)

ScibRegsFile 
*          1    00007750    00000010     UNINITIALIZED
                  00007750    00000010     DSP2833x_GlobalVariableDefs.obj (ScibRegsFile)

ScicRegsFile 
*          1    00007770    00000010     UNINITIALIZED
                  00007770    00000010     DSP2833x_GlobalVariableDefs.obj (ScicRegsFile)

I2caRegsFile 
*          1    00007900    00000022     UNINITIALIZED
                  00007900    00000022     DSP2833x_GlobalVariableDefs.obj (I2caRegsFile)

CsmPwlFile 
*          1    0033fff8    00000008     UNINITIALIZED
                  0033fff8    00000008     DSP2833x_GlobalVariableDefs.obj (CsmPwlFile)

PartIdRegsFile 
*          1    00380090    00000001     UNINITIALIZED
                  00380090    00000001     DSP2833x_GlobalVariableDefs.obj (PartIdRegsFile)

MODULE SUMMARY

       Module                            code    initialized data   uninitialized data
       ------                            ----    ----------------   ------------------
    .\
       main.obj                          56      0                  0                 
    +--+---------------------------------+-------+------------------+--------------------+
       Total:                            56      0                  0                 
                                                                                      
    .\My28335\
       My28335_Init.obj                  11      0                  0                 
    +--+---------------------------------+-------+------------------+--------------------+
       Total:                            11      0                  0                 
                                                                                      
    .\MyLib\
       CString.obj                       2651    94                 144               
       Queue.obj                         0       5                  8                 
    +--+---------------------------------+-------+------------------+--------------------+
       Total:                            2651    99                 152               
                                                                                      
    .\src\
       DSP2833x_GlobalVariableDefs.obj   0       0                  2679              
       DSP2833x_DefaultIsr.obj           790     0                  0                 
       DSP2833x_PieVect.obj              32      256                0                 
       DSP2833x_SysCtrl.obj              262     0                  0                 
       DSP2833x_CSMPasswords.obj         0       126                0                 
       DSP2833x_Sci.obj                  74      0                  0                 
       DSP2833x_PieCtrl.obj              40      0                  0                 
       DSP2833x_CpuTimers.obj            0       0                  24                
       DSP2833x_MemCopy.obj              19      0                  0                 
       DSP2833x_CodeStartBranch.obj      10      0                  0                 
       DSP2833x_usDelay.obj              8       0                  0                 
       DSP2833x_ADC_cal.obj              7       0                  0                 
       DSP2833x_DisInt.obj               7       0                  0                 
       DSP2833x_DBGIER.obj               3       0                  0                 
    +--+---------------------------------+-------+------------------+--------------------+
       Total:                            1252    382                2703              
                                                                                      
    .\user\
       ad9850.obj                        1692    15                 12                
       ad7606.obj                        681     33                 262               
       sci.obj                           132     4                  1                 
       led.obj                           71      0                  0                 
       tim.obj                           49      0                  0                 
       ad_data_deal.obj                  1       0                  0                 
    +--+---------------------------------+-------+------------------+--------------------+
       Total:                            2626    52                 275               
                                                                                      
    E:/CCS/ccsv7/tools/compiler/ti-cgt-c2000_16.9.1.LTS/lib/rts2800_fpu32.lib
       _printfi.obj                      3094    66                 0                 
       ll_div28.obj                      263     0                  0                 
       ctype.obj                         0       257                0                 
       s_scalbn.obj                      188     28                 0                 
       fd_add28.obj                      156     0                  0                 
       fd_div28.obj                      139     0                  0                 
       fs_div28.obj                      136     0                  0                 
       fd_mpy28.obj                      131     0                  0                 
       s_frexp.obj                       90      8                  0                 
       boot28.obj                        86      0                  0                 
       exit.obj                          41      14                 6                 
       sprintf.obj                       50      0                  0                 
       atoi.obj                          49      0                  0                 
       ltoa.obj                          46      0                  0                 
       fd_cmp28.obj                      42      0                  0                 
       l_div28.obj                       42      0                  0                 
       cpy_tbl.obj                       36      0                  0                 
       s_copysign.obj                    36      0                  0                 
       fd_toi28.obj                      33      0                  0                 
       fd_tol28.obj                      31      0                  0                 
       ll_cmp28.obj                      30      0                  0                 
       memcpy.obj                        30      0                  0                 
       i_tofd28.obj                      29      0                  0                 
       fs_tofdfpu32.obj                  28      0                  0                 
       l_tofd28.obj                      28      0                  0                 
       args_main.obj                     25      0                  0                 
       ll_aox28.obj                      24      0                  0                 
       _lock.obj                         9       10                 4                 
       fd_sub28.obj                      14      0                  0                 
       memccpy.obj                       13      0                  0                 
       memory.obj                        0       4                  8                 
       memset.obj                        12      0                  0                 
       strchr.obj                        12      0                  0                 
       strcmp.obj                        10      0                  0                 
       fd_neg28.obj                      9       0                  0                 
       strcat.obj                        9       0                  0                 
       strlen.obj                        8       0                  0                 
       errno.obj                         0       4                  1                 
       strcpy.obj                        5       0                  0                 
       pre_init.obj                      2       0                  0                 
       startup.obj                       1       0                  0                 
    +--+---------------------------------+-------+------------------+--------------------+
       Total:                            4987    391                19                
                                                                                      
       Heap:                             0       0                  1024              
       Stack:                            0       0                  768               
    +--+---------------------------------+-------+------------------+--------------------+
       Grand Total:                      11583   924                4941              


GLOBAL DATA SYMBOLS: SORTED BY DATA PAGE

address     data page           name
--------    ----------------    ----
00000400      10 (00000400)     __sys_memory

00000880      22 (00000880)     _DevEmuRegs

00000a80      2a (00000a80)     _FlashRegs

00000ae0      2b (00000ac0)     _CsmRegs

00000b00      2c (00000b00)     _AdcMirror
00000b20      2c (00000b00)     _XintfRegs

00000c00      30 (00000c00)     _CpuTimer0Regs
00000c08      30 (00000c00)     _CpuTimer1Regs
00000c10      30 (00000c00)     _CpuTimer2Regs

00000ce0      33 (00000cc0)     _PieCtrlRegs

00000d00      34 (00000d00)     _PieVectTable

00001000      40 (00001000)     _DmaRegs

00005000     140 (00005000)     _McbspaRegs

00005040     141 (00005040)     _McbspbRegs

00006000     180 (00006000)     _ECanaRegs

00006040     181 (00006040)     _ECanaLAMRegs

00006080     182 (00006080)     _ECanaMOTSRegs

000060c0     183 (000060c0)     _ECanaMOTORegs

00006100     184 (00006100)     _ECanaMboxes

00006200     188 (00006200)     _ECanbRegs

00006240     189 (00006240)     _ECanbLAMRegs

00006280     18a (00006280)     _ECanbMOTSRegs

000062c0     18b (000062c0)     _ECanbMOTORegs

00006300     18c (00006300)     _ECanbMboxes

00006800     1a0 (00006800)     _EPwm1Regs

00006840     1a1 (00006840)     _EPwm2Regs

00006880     1a2 (00006880)     _EPwm3Regs

000068c0     1a3 (000068c0)     _EPwm4Regs

00006900     1a4 (00006900)     _EPwm5Regs

00006940     1a5 (00006940)     _EPwm6Regs

00006a00     1a8 (00006a00)     _ECap1Regs
00006a20     1a8 (00006a00)     _ECap2Regs

00006a40     1a9 (00006a40)     _ECap3Regs
00006a60     1a9 (00006a40)     _ECap4Regs

00006a80     1aa (00006a80)     _ECap5Regs
00006aa0     1aa (00006a80)     _ECap6Regs

00006b00     1ac (00006b00)     _EQep1Regs

00006b40     1ad (00006b40)     _EQep2Regs

00006f80     1be (00006f80)     _GpioCtrlRegs

00006fc0     1bf (00006fc0)     _GpioDataRegs
00006fe0     1bf (00006fc0)     _GpioIntRegs

00007010     1c0 (00007000)     _SysCtrlRegs

00007040     1c1 (00007040)     _SpiaRegs
00007050     1c1 (00007040)     _SciaRegs
00007070     1c1 (00007040)     _XIntruptRegs

00007100     1c4 (00007100)     _AdcRegs

00007750     1dd (00007740)     _ScibRegs
00007770     1dd (00007740)     _ScicRegs

00007900     1e4 (00007900)     _I2caRegs

00009000     240 (00009000)     __stack

0000c000     300 (0000c000)     _IsGotData
0000c001     300 (0000c000)     _ADC_Convert

0000c040     301 (0000c040)     _ADC_Fifo

0000c106     304 (0000c100)     _CpuTimer1
0000c10e     304 (0000c100)     _CpuTimer2
0000c116     304 (0000c100)     _CpuTimer0
0000c11e     304 (0000c100)     _AD9850
0000c12a     304 (0000c100)     _Queue_Byte
0000c12c     304 (0000c100)     _queue_Byte
0000c13a     304 (0000c100)     ___TI_enable_exit_profile_output
0000c13c     304 (0000c100)     ___TI_cleanup_ptr
0000c13e     304 (0000c100)     ___TI_dtors_ptr

0000c140     305 (0000c140)     _ii
0000c141     305 (0000c140)     __STRtemp
0000c152     305 (0000c140)     _Str

0000c180     306 (0000c180)     __cstring

0000c1d0     307 (0000c1c0)     __lock
0000c1d2     307 (0000c1c0)     __unlock
0000c1d4     307 (0000c1c0)     _errno
0000c1d5     307 (0000c1c0)     _SCItest

0033acf8    ceb3 (0033acc0)     __ctypes_

0033adfa    ceb7 (0033adc0)     _PieVectTableInit

0033fff8    cfff (0033ffc0)     _CsmPwl

00380090    e002 (00380080)     _PartIdRegs


GLOBAL SYMBOLS: SORTED ALPHABETICALLY BY Name 

page  address   name                            
----  -------   ----                            
0     00338000  .text                           
0     0033aaa4  C$$EXIT                         
0     0033a55f  FD$$ADD                         
0     0033aa50  FD$$CMP                         
0     0033a5fb  FD$$DIV                         
0     0033a70e  FD$$MPY                         
0     0033acc3  FD$$NEG                         
0     0033ac72  FD$$SUB                         
0     0033ab3d  FD$$TOI                         
0     0033ab7e  FD$$TOL                         
0     0033a686  FS$$DIV                         
0     0033abf6  FS$$TOFD                        
0     0033abd9  I$$TOFD                         
0     0033aa7a  L$$DIV                          
0     0033aa89  L$$MOD                          
0     0033ac12  L$$TOFD                         
0     0033ac47  LL$$AND                         
0     0033ab9d  LL$$CMP                         
0     0033a2cc  LL$$DIV                         
0     0033a308  LL$$MOD                         
0     0033ac4f  LL$$OR                          
0     0033ac57  LL$$XOR                         
0     0033aa97  UL$$DIV                         
0     0033aa9e  UL$$MOD                         
0     0033abaf  ULL$$CMP                        
0     0033a342  ULL$$DIV                        
0     0033a371  ULL$$MOD                        
0     0033a13c  _AD7606_ConfigAll               
0     0033a101  _AD7606_HardWareInit            
0     0033a20f  _AD7606_IsBusy                  
0     0033a2af  _AD7606_ReadAdc                 
0     0033a2b8  _AD7606_ReadAdcReal             
0     0033a14e  _AD7606_ReadParrelData          
0     0033a1cf  _AD7606_Reset                   
0     0033a225  _AD7606_Scan                    
0     0033a2ab  _AD7606_SetInputRange           
0     0033a187  _AD7606_SetOS                   
0     0033a293  _AD7606_StartConversion         
0     0033a039  _AD7606_TestGpio                
1     0000c11e  _AD9850                         
0     00339cec  _AD9850_AllInit                 
0     00339671  _AD9850_CommomHardWareInit      
0     003396db  _AD9850_ResetWithParrel         
0     003397b4  _AD9850_WriteWithParrel         
0     00339df3  _ADCINT_ISR                     
1     0000c001  _ADC_Convert                    
1     0000c040  _ADC_Fifo                       
0     00380080  _ADC_cal                        
1     00000b00  _AdcMirror                      
1     00007100  _AdcRegs                        
0     00338d42  _BoolToString                   
0     00339072  _CStringAfterLetterFisrt        
0     003390c7  _CStringAfterLetterLast         
0     00338eb3  _CStringAlignToLeft             
0     0033902c  _CStringAppend                  
0     00338ee9  _CStringCatInt                  
0     00339212  _CStringCompare                 
0     00338f5e  _CStringConnact                 
0     00338fbf  _CStringConnact3                
0     00339186  _CStringContainsLetter          
0     003391c2  _CStringContainsSubString       
0     00339295  _CStringInsert                  
0     003392f9  _CStringInsertRange             
0     00338ea4  _CStringLenth                   
0     00339177  _CStringLetterCount             
0     00339033  _CStringLetterFirstIndexOf      
0     00339050  _CStringLetterLastIndexOf       
0     00339219  _CStringRemoveAt                
0     0033937e  _CStringRemoveRange             
0     00339420  _CStringRemoveSubString         
0     003394cc  _CStringReplaceSubString        
0     003391d3  _CStringReserse                 
0     00339197  _CStringSubString               
0     0033911c  _CStringSubStringIndex          
0     00339146  _CStringSubStringLastIndex      
0     0033961b  _CStringToLower                 
0     003395c5  _CStringToUpper                 
1     0000c116  _CpuTimer0                      
1     00000c00  _CpuTimer0Regs                  
1     0000c106  _CpuTimer1                      
1     00000c08  _CpuTimer1Regs                  
1     0000c10e  _CpuTimer2                      
1     00000c10  _CpuTimer2Regs                  
1     0033fff8  _CsmPwl                         
1     00000ae0  _CsmRegs                        
0     0033a472  _CsmUnlock                      
0     00339d21  _DATALOG_ISR                    
0     00339f15  _DINTCH1_ISR                    
0     00339f1f  _DINTCH2_ISR                    
0     00339f29  _DINTCH3_ISR                    
0     00339f33  _DINTCH4_ISR                    
0     00339f3d  _DINTCH5_ISR                    
0     00339f47  _DINTCH6_ISR                    
0     0033ace5  _DSP28x_DisableInt              
0     0033ace9  _DSP28x_RestoreInt              
0     0000801b  _DSP28x_usDelay                 
1     00000880  _DevEmuRegs                     
0     0033a3e6  _DisableDog                     
1     00001000  _DmaRegs                        
0     0033a8d2  _Dsp28335_SciAInit              
0     0033a8d3  _Dsp28335_SciBInit              
0     00339fa1  _ECAN0INTA_ISR                  
0     00339fb5  _ECAN0INTB_ISR                  
0     00339fab  _ECAN1INTA_ISR                  
0     00339fbf  _ECAN1INTB_ISR                  
0     00339e89  _ECAP1_INT_ISR                  
0     00339e93  _ECAP2_INT_ISR                  
0     00339e9d  _ECAP3_INT_ISR                  
0     00339ea7  _ECAP4_INT_ISR                  
0     00339eb1  _ECAP5_INT_ISR                  
0     00339ebb  _ECAP6_INT_ISR                  
1     00006040  _ECanaLAMRegs                   
1     000060c0  _ECanaMOTORegs                  
1     00006080  _ECanaMOTSRegs                  
1     00006100  _ECanaMboxes                    
1     00006000  _ECanaRegs                      
1     00006240  _ECanbLAMRegs                   
1     000062c0  _ECanbMOTORegs                  
1     00006280  _ECanbMOTSRegs                  
1     00006300  _ECanbMboxes                    
1     00006200  _ECanbRegs                      
1     00006a00  _ECap1Regs                      
1     00006a20  _ECap2Regs                      
1     00006a40  _ECap3Regs                      
1     00006a60  _ECap4Regs                      
1     00006a80  _ECap5Regs                      
1     00006aa0  _ECap6Regs                      
0     00339d35  _EMUINT_ISR                     
0     00339e4d  _EPWM1_INT_ISR                  
0     00339e11  _EPWM1_TZINT_ISR                
0     00339e57  _EPWM2_INT_ISR                  
0     00339e1b  _EPWM2_TZINT_ISR                
0     00339e61  _EPWM3_INT_ISR                  
0     00339e25  _EPWM3_TZINT_ISR                
0     00339e6b  _EPWM4_INT_ISR                  
0     00339e2f  _EPWM4_TZINT_ISR                
0     00339e75  _EPWM5_INT_ISR                  
0     00339e39  _EPWM5_TZINT_ISR                
0     00339e7f  _EPWM6_INT_ISR                  
0     00339e43  _EPWM6_TZINT_ISR                
1     00006800  _EPwm1Regs                      
1     00006840  _EPwm2Regs                      
1     00006880  _EPwm3Regs                      
1     000068c0  _EPwm4Regs                      
1     00006900  _EPwm5Regs                      
1     00006940  _EPwm6Regs                      
0     00339ec5  _EQEP1_INT_ISR                  
0     00339ecf  _EQEP2_INT_ISR                  
1     00006b00  _EQep1Regs                      
1     00006b40  _EQep2Regs                      
0     0033aaec  _EnableInterrupts               
0     0033a023  _Fifo_AddData                   
1     00000a80  _FlashRegs                      
0     00338cee  _FloatToString                  
0     00338ce0  _FloatToString2                 
1     00006f80  _GpioCtrlRegs                   
1     00006fc0  _GpioDataRegs                   
1     00006fe0  _GpioIntRegs                    
0     0033a88b  _HardWare_TwoLED_Init           
0     00339f51  _I2CINT1A_ISR                   
0     00339f5b  _I2CINT2A_ISR                   
1     00007900  _I2caRegs                       
0     00339d49  _ILLEGAL_ISR                    
0     00339d0d  _INT13_ISR                      
0     00339d17  _INT14_ISR                      
0     00008000  _InitFlash                      
0     0033a43f  _InitPeripheralClocks           
0     0033aacd  _InitPieCtrl                    
0     0033ab5e  _InitPieVectTable               
0     0033a3ee  _InitPll                        
0     0033a841  _InitSci                        
0     0033a842  _InitSciGpio                    
0     0033a849  _InitSciaGpio                   
0     0033a85f  _InitScibGpio                   
0     0033a875  _InitScicGpio                   
0     0033a3d3  _InitSysCtrl                    
0     00338c16  _Int16ToString                  
0     00338c94  _IntToHexString                 
0     00338c41  _IntToString                    
1     0000c000  _IsGotData                      
0     0033a005  _LUF_ISR                        
0     00339ffb  _LVF_ISR                        
0     00339f01  _MRINTA_ISR                     
0     00339eed  _MRINTB_ISR                     
0     00339f0b  _MXINTA_ISR                     
0     00339ef7  _MXINTB_ISR                     
0     0033acf6  _MagnetPosition                 
1     00005000  _McbspaRegs                     
1     00005040  _McbspbRegs                     
0     0033ac5f  _MemCopy                        
0     0033aca5  _My28335_Init                   
0     00339d3f  _NMI_ISR                        
0     0033a00f  _PIE_RESERVED                   
1     00380090  _PartIdRegs                     
1     00000ce0  _PieCtrlRegs                    
1     00000d00  _PieVectTable                   
0     0033adfa  _PieVectTableInit               
1     0000c12a  _Queue_Byte                     
0     00339d2b  _RTOSINT_ISR                    
0     0032001f  _RamfuncsLoadEnd                
0     00320000  _RamfuncsLoadStart              
0     00008000  _RamfuncsRunStart               
0     00339f79  _SCIRXINTA_ISR                  
0     00339f8d  _SCIRXINTB_ISR                  
0     00339f65  _SCIRXINTC_ISR                  
0     00339f83  _SCITXINTA_ISR                  
0     00339f97  _SCITXINTB_ISR                  
0     00339f6f  _SCITXINTC_ISR                  
0     0033a8fe  _SCI_SendByte                   
0     0033a90b  _SCI_SendWord                   
1     0000c1d5  _SCItest                        
0     00339dcb  _SEQ1INT_ISR                    
0     00339dd5  _SEQ2INT_ISR                    
0     00339ed9  _SPIRXINTA_ISR                  
0     00339ee3  _SPITXINTA_ISR                  
0     0033a915  _SciRxIntB_ISR                  
1     00007050  _SciaRegs                       
1     00007750  _ScibRegs                       
1     00007770  _ScicRegs                       
0     0033a3dc  _ServiceDog                     
0     0033acf1  _SetDBGIER                      
0     0033a8b1  _SetLed1Status                  
0     0033a8c1  _SetLed2Status                  
1     00007040  _SpiaRegs                       
1     0000c152  _Str                            
0     00338e95  _StringToFloat                  
0     00338dbb  _StringToInt                    
0     00338dc6  _StringTofloat                  
0     00338d89  _StringToint                    
1     00007010  _SysCtrlRegs                    
0     00339dfd  _TINT0_ISR                      
0     0033a8a1  _ToggleLED1                     
0     0033a8a9  _ToggleLED2                     
0     00339dad  _USER10_ISR                     
0     00339db7  _USER11_ISR                     
0     00339dc1  _USER12_ISR                     
0     00339d53  _USER1_ISR                      
0     00339d5d  _USER2_ISR                      
0     00339d67  _USER3_ISR                      
0     00339d71  _USER4_ISR                      
0     00339d7b  _USER5_ISR                      
0     00339d85  _USER6_ISR                      
0     00339d8f  _USER7_ISR                      
0     00339d99  _USER8_ISR                      
0     00339da3  _USER9_ISR                      
0     00339e07  _WAKEINT_ISR                    
0     00339ddf  _XINT1_ISR                      
0     00339de9  _XINT2_ISR                      
0     00339fc9  _XINT3_ISR                      
0     00339fd3  _XINT4_ISR                      
0     00339fdd  _XINT5_ISR                      
0     00339fe7  _XINT6_ISR                      
0     00339ff1  _XINT7_ISR                      
1     00007070  _XIntruptRegs                   
1     00000b20  _XintfRegs                      
0     00009300  __STACK_END                     
abs   00000300  __STACK_SIZE                    
1     0000c141  __STRtemp                       
abs   00000400  __SYSMEM_SIZE                   
1     0000c13c  ___TI_cleanup_ptr               
1     0000c13e  ___TI_dtors_ptr                 
1     0000c13a  ___TI_enable_exit_profile_output
abs   ffffffff  ___TI_pprof_out_hndl            
0     00338ae3  ___TI_printfi                   
abs   ffffffff  ___TI_prof_data_size            
abs   ffffffff  ___TI_prof_data_start           
abs   ffffffff  ___binit__                      
abs   ffffffff  ___c_args__                     
0     0033af90  ___cinit__                      
0     0033acf8  ___etext__                      
abs   ffffffff  ___pinit__                      
0     00338000  ___text__                       
0     0033ac2e  __args_main                     
1     0000c180  __cstring                       
0     0033acf8  __ctypes_                       
1     0000c1d0  __lock                          
0     0033acc2  __nop                           
0     0033acbe  __register_lock                 
0     0033acba  __register_unlock               
0     00009000  __stack                         
1     00000400  __sys_memory                    
0     0033acf7  __system_post_cinit             
0     0033acf4  __system_pre_init               
1     0000c1d2  __unlock                        
0     0033aaa4  _abort                          
0     0033a9f1  _atoi                           
0     0033a7eb  _c_int00                        
0     0033aaf5  _copy_in                        
0     0033ab19  _copysignl                      
0     0033a9c0  _cpu_timer0_isr                 
1     0000c1d4  _errno                          
0     0033aaa6  _exit                           
0     0033a791  _frexpl                         
1     0000c140  _ii                             
0     0033a4a3  _ldexpl                         
0     0033aa22  _ltoa                           
0     0033a956  _main                           
0     0033ac80  _memccpy                        
0     0033abbb  _memcpy                         
0     0033ac8d  _memset                         
1     0000c12c  _queue_Byte                     
0     0033a019  _rsvd_ISR                       
0     0033a4a3  _scalbnl                        
0     0033a98e  _sprintf                        
0     0033accc  _strcat                         
0     0033ac99  _strchr                         
0     0033acb0  _strcmp                         
0     0033acec  _strcpy                         
0     0033acdd  _strlen                         
abs   ffffffff  binit                           
0     0033af90  cinit                           
0     0033fff6  code_start                      
0     0033acf8  etext                           
abs   ffffffff  pinit                           


GLOBAL SYMBOLS: SORTED BY Symbol Address 

page  address   name                            
----  -------   ----                            
0     00008000  _InitFlash                      
0     00008000  _RamfuncsRunStart               
0     0000801b  _DSP28x_usDelay                 
0     00009000  __stack                         
0     00009300  __STACK_END                     
0     00320000  _RamfuncsLoadStart              
0     0032001f  _RamfuncsLoadEnd                
0     00338000  .text                           
0     00338000  ___text__                       
0     00338ae3  ___TI_printfi                   
0     00338c16  _Int16ToString                  
0     00338c41  _IntToString                    
0     00338c94  _IntToHexString                 
0     00338ce0  _FloatToString2                 
0     00338cee  _FloatToString                  
0     00338d42  _BoolToString                   
0     00338d89  _StringToint                    
0     00338dbb  _StringToInt                    
0     00338dc6  _StringTofloat                  
0     00338e95  _StringToFloat                  
0     00338ea4  _CStringLenth                   
0     00338eb3  _CStringAlignToLeft             
0     00338ee9  _CStringCatInt                  
0     00338f5e  _CStringConnact                 
0     00338fbf  _CStringConnact3                
0     0033902c  _CStringAppend                  
0     00339033  _CStringLetterFirstIndexOf      
0     00339050  _CStringLetterLastIndexOf       
0     00339072  _CStringAfterLetterFisrt        
0     003390c7  _CStringAfterLetterLast         
0     0033911c  _CStringSubStringIndex          
0     00339146  _CStringSubStringLastIndex      
0     00339177  _CStringLetterCount             
0     00339186  _CStringContainsLetter          
0     00339197  _CStringSubString               
0     003391c2  _CStringContainsSubString       
0     003391d3  _CStringReserse                 
0     00339212  _CStringCompare                 
0     00339219  _CStringRemoveAt                
0     00339295  _CStringInsert                  
0     003392f9  _CStringInsertRange             
0     0033937e  _CStringRemoveRange             
0     00339420  _CStringRemoveSubString         
0     003394cc  _CStringReplaceSubString        
0     003395c5  _CStringToUpper                 
0     0033961b  _CStringToLower                 
0     00339671  _AD9850_CommomHardWareInit      
0     003396db  _AD9850_ResetWithParrel         
0     003397b4  _AD9850_WriteWithParrel         
0     00339cec  _AD9850_AllInit                 
0     00339d0d  _INT13_ISR                      
0     00339d17  _INT14_ISR                      
0     00339d21  _DATALOG_ISR                    
0     00339d2b  _RTOSINT_ISR                    
0     00339d35  _EMUINT_ISR                     
0     00339d3f  _NMI_ISR                        
0     00339d49  _ILLEGAL_ISR                    
0     00339d53  _USER1_ISR                      
0     00339d5d  _USER2_ISR                      
0     00339d67  _USER3_ISR                      
0     00339d71  _USER4_ISR                      
0     00339d7b  _USER5_ISR                      
0     00339d85  _USER6_ISR                      
0     00339d8f  _USER7_ISR                      
0     00339d99  _USER8_ISR                      
0     00339da3  _USER9_ISR                      
0     00339dad  _USER10_ISR                     
0     00339db7  _USER11_ISR                     
0     00339dc1  _USER12_ISR                     
0     00339dcb  _SEQ1INT_ISR                    
0     00339dd5  _SEQ2INT_ISR                    
0     00339ddf  _XINT1_ISR                      
0     00339de9  _XINT2_ISR                      
0     00339df3  _ADCINT_ISR                     
0     00339dfd  _TINT0_ISR                      
0     00339e07  _WAKEINT_ISR                    
0     00339e11  _EPWM1_TZINT_ISR                
0     00339e1b  _EPWM2_TZINT_ISR                
0     00339e25  _EPWM3_TZINT_ISR                
0     00339e2f  _EPWM4_TZINT_ISR                
0     00339e39  _EPWM5_TZINT_ISR                
0     00339e43  _EPWM6_TZINT_ISR                
0     00339e4d  _EPWM1_INT_ISR                  
0     00339e57  _EPWM2_INT_ISR                  
0     00339e61  _EPWM3_INT_ISR                  
0     00339e6b  _EPWM4_INT_ISR                  
0     00339e75  _EPWM5_INT_ISR                  
0     00339e7f  _EPWM6_INT_ISR                  
0     00339e89  _ECAP1_INT_ISR                  
0     00339e93  _ECAP2_INT_ISR                  
0     00339e9d  _ECAP3_INT_ISR                  
0     00339ea7  _ECAP4_INT_ISR                  
0     00339eb1  _ECAP5_INT_ISR                  
0     00339ebb  _ECAP6_INT_ISR                  
0     00339ec5  _EQEP1_INT_ISR                  
0     00339ecf  _EQEP2_INT_ISR                  
0     00339ed9  _SPIRXINTA_ISR                  
0     00339ee3  _SPITXINTA_ISR                  
0     00339eed  _MRINTB_ISR                     
0     00339ef7  _MXINTB_ISR                     
0     00339f01  _MRINTA_ISR                     
0     00339f0b  _MXINTA_ISR                     
0     00339f15  _DINTCH1_ISR                    
0     00339f1f  _DINTCH2_ISR                    
0     00339f29  _DINTCH3_ISR                    
0     00339f33  _DINTCH4_ISR                    
0     00339f3d  _DINTCH5_ISR                    
0     00339f47  _DINTCH6_ISR                    
0     00339f51  _I2CINT1A_ISR                   
0     00339f5b  _I2CINT2A_ISR                   
0     00339f65  _SCIRXINTC_ISR                  
0     00339f6f  _SCITXINTC_ISR                  
0     00339f79  _SCIRXINTA_ISR                  
0     00339f83  _SCITXINTA_ISR                  
0     00339f8d  _SCIRXINTB_ISR                  
0     00339f97  _SCITXINTB_ISR                  
0     00339fa1  _ECAN0INTA_ISR                  
0     00339fab  _ECAN1INTA_ISR                  
0     00339fb5  _ECAN0INTB_ISR                  
0     00339fbf  _ECAN1INTB_ISR                  
0     00339fc9  _XINT3_ISR                      
0     00339fd3  _XINT4_ISR                      
0     00339fdd  _XINT5_ISR                      
0     00339fe7  _XINT6_ISR                      
0     00339ff1  _XINT7_ISR                      
0     00339ffb  _LVF_ISR                        
0     0033a005  _LUF_ISR                        
0     0033a00f  _PIE_RESERVED                   
0     0033a019  _rsvd_ISR                       
0     0033a023  _Fifo_AddData                   
0     0033a039  _AD7606_TestGpio                
0     0033a101  _AD7606_HardWareInit            
0     0033a13c  _AD7606_ConfigAll               
0     0033a14e  _AD7606_ReadParrelData          
0     0033a187  _AD7606_SetOS                   
0     0033a1cf  _AD7606_Reset                   
0     0033a20f  _AD7606_IsBusy                  
0     0033a225  _AD7606_Scan                    
0     0033a293  _AD7606_StartConversion         
0     0033a2ab  _AD7606_SetInputRange           
0     0033a2af  _AD7606_ReadAdc                 
0     0033a2b8  _AD7606_ReadAdcReal             
0     0033a2cc  LL$$DIV                         
0     0033a308  LL$$MOD                         
0     0033a342  ULL$$DIV                        
0     0033a371  ULL$$MOD                        
0     0033a3d3  _InitSysCtrl                    
0     0033a3dc  _ServiceDog                     
0     0033a3e6  _DisableDog                     
0     0033a3ee  _InitPll                        
0     0033a43f  _InitPeripheralClocks           
0     0033a472  _CsmUnlock                      
0     0033a4a3  _ldexpl                         
0     0033a4a3  _scalbnl                        
0     0033a55f  FD$$ADD                         
0     0033a5fb  FD$$DIV                         
0     0033a686  FS$$DIV                         
0     0033a70e  FD$$MPY                         
0     0033a791  _frexpl                         
0     0033a7eb  _c_int00                        
0     0033a841  _InitSci                        
0     0033a842  _InitSciGpio                    
0     0033a849  _InitSciaGpio                   
0     0033a85f  _InitScibGpio                   
0     0033a875  _InitScicGpio                   
0     0033a88b  _HardWare_TwoLED_Init           
0     0033a8a1  _ToggleLED1                     
0     0033a8a9  _ToggleLED2                     
0     0033a8b1  _SetLed1Status                  
0     0033a8c1  _SetLed2Status                  
0     0033a8d2  _Dsp28335_SciAInit              
0     0033a8d3  _Dsp28335_SciBInit              
0     0033a8fe  _SCI_SendByte                   
0     0033a90b  _SCI_SendWord                   
0     0033a915  _SciRxIntB_ISR                  
0     0033a956  _main                           
0     0033a98e  _sprintf                        
0     0033a9c0  _cpu_timer0_isr                 
0     0033a9f1  _atoi                           
0     0033aa22  _ltoa                           
0     0033aa50  FD$$CMP                         
0     0033aa7a  L$$DIV                          
0     0033aa89  L$$MOD                          
0     0033aa97  UL$$DIV                         
0     0033aa9e  UL$$MOD                         
0     0033aaa4  C$$EXIT                         
0     0033aaa4  _abort                          
0     0033aaa6  _exit                           
0     0033aacd  _InitPieCtrl                    
0     0033aaec  _EnableInterrupts               
0     0033aaf5  _copy_in                        
0     0033ab19  _copysignl                      
0     0033ab3d  FD$$TOI                         
0     0033ab5e  _InitPieVectTable               
0     0033ab7e  FD$$TOL                         
0     0033ab9d  LL$$CMP                         
0     0033abaf  ULL$$CMP                        
0     0033abbb  _memcpy                         
0     0033abd9  I$$TOFD                         
0     0033abf6  FS$$TOFD                        
0     0033ac12  L$$TOFD                         
0     0033ac2e  __args_main                     
0     0033ac47  LL$$AND                         
0     0033ac4f  LL$$OR                          
0     0033ac57  LL$$XOR                         
0     0033ac5f  _MemCopy                        
0     0033ac72  FD$$SUB                         
0     0033ac80  _memccpy                        
0     0033ac8d  _memset                         
0     0033ac99  _strchr                         
0     0033aca5  _My28335_Init                   
0     0033acb0  _strcmp                         
0     0033acba  __register_unlock               
0     0033acbe  __register_lock                 
0     0033acc2  __nop                           
0     0033acc3  FD$$NEG                         
0     0033accc  _strcat                         
0     0033acdd  _strlen                         
0     0033ace5  _DSP28x_DisableInt              
0     0033ace9  _DSP28x_RestoreInt              
0     0033acec  _strcpy                         
0     0033acf1  _SetDBGIER                      
0     0033acf4  __system_pre_init               
0     0033acf6  _MagnetPosition                 
0     0033acf7  __system_post_cinit             
0     0033acf8  ___etext__                      
0     0033acf8  __ctypes_                       
0     0033acf8  etext                           
0     0033adfa  _PieVectTableInit               
0     0033af90  ___cinit__                      
0     0033af90  cinit                           
0     0033fff6  code_start                      
0     00380080  _ADC_cal                        
1     00000400  __sys_memory                    
1     00000880  _DevEmuRegs                     
1     00000a80  _FlashRegs                      
1     00000ae0  _CsmRegs                        
1     00000b00  _AdcMirror                      
1     00000b20  _XintfRegs                      
1     00000c00  _CpuTimer0Regs                  
1     00000c08  _CpuTimer1Regs                  
1     00000c10  _CpuTimer2Regs                  
1     00000ce0  _PieCtrlRegs                    
1     00000d00  _PieVectTable                   
1     00001000  _DmaRegs                        
1     00005000  _McbspaRegs                     
1     00005040  _McbspbRegs                     
1     00006000  _ECanaRegs                      
1     00006040  _ECanaLAMRegs                   
1     00006080  _ECanaMOTSRegs                  
1     000060c0  _ECanaMOTORegs                  
1     00006100  _ECanaMboxes                    
1     00006200  _ECanbRegs                      
1     00006240  _ECanbLAMRegs                   
1     00006280  _ECanbMOTSRegs                  
1     000062c0  _ECanbMOTORegs                  
1     00006300  _ECanbMboxes                    
1     00006800  _EPwm1Regs                      
1     00006840  _EPwm2Regs                      
1     00006880  _EPwm3Regs                      
1     000068c0  _EPwm4Regs                      
1     00006900  _EPwm5Regs                      
1     00006940  _EPwm6Regs                      
1     00006a00  _ECap1Regs                      
1     00006a20  _ECap2Regs                      
1     00006a40  _ECap3Regs                      
1     00006a60  _ECap4Regs                      
1     00006a80  _ECap5Regs                      
1     00006aa0  _ECap6Regs                      
1     00006b00  _EQep1Regs                      
1     00006b40  _EQep2Regs                      
1     00006f80  _GpioCtrlRegs                   
1     00006fc0  _GpioDataRegs                   
1     00006fe0  _GpioIntRegs                    
1     00007010  _SysCtrlRegs                    
1     00007040  _SpiaRegs                       
1     00007050  _SciaRegs                       
1     00007070  _XIntruptRegs                   
1     00007100  _AdcRegs                        
1     00007750  _ScibRegs                       
1     00007770  _ScicRegs                       
1     00007900  _I2caRegs                       
1     0000c000  _IsGotData                      
1     0000c001  _ADC_Convert                    
1     0000c040  _ADC_Fifo                       
1     0000c106  _CpuTimer1                      
1     0000c10e  _CpuTimer2                      
1     0000c116  _CpuTimer0                      
1     0000c11e  _AD9850                         
1     0000c12a  _Queue_Byte                     
1     0000c12c  _queue_Byte                     
1     0000c13a  ___TI_enable_exit_profile_output
1     0000c13c  ___TI_cleanup_ptr               
1     0000c13e  ___TI_dtors_ptr                 
1     0000c140  _ii                             
1     0000c141  __STRtemp                       
1     0000c152  _Str                            
1     0000c180  __cstring                       
1     0000c1d0  __lock                          
1     0000c1d2  __unlock                        
1     0000c1d4  _errno                          
1     0000c1d5  _SCItest                        
1     0033fff8  _CsmPwl                         
1     00380090  _PartIdRegs                     
abs   00000300  __STACK_SIZE                    
abs   00000400  __SYSMEM_SIZE                   
abs   ffffffff  ___TI_pprof_out_hndl            
abs   ffffffff  ___TI_prof_data_size            
abs   ffffffff  ___TI_prof_data_start           
abs   ffffffff  ___binit__                      
abs   ffffffff  ___c_args__                     
abs   ffffffff  ___pinit__                      
abs   ffffffff  binit                           
abs   ffffffff  pinit                           

[314 symbols]
