******************************************************************************
             TMS320C2000 Linker PC v5.2.6                      
******************************************************************************
>> Linked Mon Oct 05 10:32:54 2015

OUTPUT FILE NAME:   <28335_MyFirst.out>
ENTRY POINT SYMBOL: "_c_int00"  address: 00009e66


MEMORY CONFIGURATION

         name            origin    length      used     unused   attr    fill
----------------------  --------  ---------  --------  --------  ----  --------
PAGE 0:
  BEGIN                 00000000   00000002  00000002  00000000  RWIX
  RAMM0                 00000050   000003b0  00000000  000003b0  RWIX
  RAML0                 00008000   00001000  00000037  00000fc9  RWIX
  RAML1                 00009000   00001000  00000f70  00000090  RWIX
  RAML2                 0000a000   00001000  00000000  00001000  RWIX
  RAML3                 0000b000   00001000  00000000  00001000  RWIX
  ZONE7A                00200000   0000fc00  00000000  0000fc00  RWIX
  CSM_RSVD              0033ff80   00000076  00000000  00000076  RWIX
  CSM_PWL               0033fff8   00000008  00000000  00000008  RWIX
  ADC_CAL               00380080   00000009  00000007  00000002  RWIX
  IQTABLES              003fe000   00000b50  00000000  00000b50  RWIX
  IQTABLES2             003feb50   0000008c  00000000  0000008c  RWIX
  FPUTABLES             003febdc   000006a0  00000000  000006a0  RWIX
  BOOTROM               003ff27c   00000d44  00000000  00000d44  RWIX
  RESET                 003fffc0   00000002  00000000  00000002  RWIX

PAGE 1:
  BOOT_RSVD             00000002   0000004e  00000000  0000004e  RWIX
  RAMM1                 00000400   00000400  00000300  00000100  RWIX
  DEV_EMU               00000880   00000180  000000d0  000000b0  RWIX
  FLASH_REGS            00000a80   00000060  00000008  00000058  RWIX
  CSM                   00000ae0   00000010  00000010  00000000  RWIX
  ADC_MIRROR            00000b00   00000010  00000010  00000000  RWIX
  XINTF                 00000b20   00000020  0000001e  00000002  RWIX
  CPU_TIMER0            00000c00   00000008  00000008  00000000  RWIX
  CPU_TIMER1            00000c08   00000008  00000008  00000000  RWIX
  CPU_TIMER2            00000c10   00000008  00000008  00000000  RWIX
  PIE_CTRL              00000ce0   00000020  0000001a  00000006  RWIX
  PIE_VECT              00000d00   00000100  00000100  00000000  RWIX
  DMA                   00001000   00000200  000000e0  00000120  RWIX
  MCBSPA                00005000   00000040  00000025  0000001b  RWIX
  MCBSPB                00005040   00000040  00000025  0000001b  RWIX
  ECANA                 00006000   00000040  00000034  0000000c  RWIX
  ECANA_LAM             00006040   00000040  00000040  00000000  RWIX
  ECANA_MOTS            00006080   00000040  00000040  00000000  RWIX
  ECANA_MOTO            000060c0   00000040  00000040  00000000  RWIX
  ECANA_MBOX            00006100   00000100  00000100  00000000  RWIX
  ECANB                 00006200   00000040  00000034  0000000c  RWIX
  ECANB_LAM             00006240   00000040  00000040  00000000  RWIX
  ECANB_MOTS            00006280   00000040  00000040  00000000  RWIX
  ECANB_MOTO            000062c0   00000040  00000040  00000000  RWIX
  ECANB_MBOX            00006300   00000100  00000100  00000000  RWIX
  EPWM1                 00006800   00000022  00000022  00000000  RWIX
  EPWM2                 00006840   00000022  00000022  00000000  RWIX
  EPWM3                 00006880   00000022  00000022  00000000  RWIX
  EPWM4                 000068c0   00000022  00000022  00000000  RWIX
  EPWM5                 00006900   00000022  00000022  00000000  RWIX
  EPWM6                 00006940   00000022  00000022  00000000  RWIX
  ECAP1                 00006a00   00000020  00000020  00000000  RWIX
  ECAP2                 00006a20   00000020  00000020  00000000  RWIX
  ECAP3                 00006a40   00000020  00000020  00000000  RWIX
  ECAP4                 00006a60   00000020  00000020  00000000  RWIX
  ECAP5                 00006a80   00000020  00000020  00000000  RWIX
  ECAP6                 00006aa0   00000020  00000020  00000000  RWIX
  EQEP1                 00006b00   00000040  00000040  00000000  RWIX
  EQEP2                 00006b40   00000040  00000040  00000000  RWIX
  GPIOCTRL              00006f80   00000040  0000002e  00000012  RWIX
  GPIODAT               00006fc0   00000020  00000020  00000000  RWIX
  GPIOINT               00006fe0   00000020  0000000a  00000016  RWIX
  SYSTEM                00007010   00000020  00000020  00000000  RWIX
  SPIA                  00007040   00000010  00000010  00000000  RWIX
  SCIA                  00007050   00000010  00000010  00000000  RWIX
  XINTRUPT              00007070   00000010  00000010  00000000  RWIX
  ADC                   00007100   00000020  0000001e  00000002  RWIX
  SCIB                  00007750   00000010  00000010  00000000  RWIX
  SCIC                  00007770   00000010  00000010  00000000  RWIX
  I2CA                  00007900   00000040  00000022  0000001e  RWIX
  RAML4                 0000c000   00001000  00000020  00000fe0  RWIX
  RAML5                 0000d000   00001000  00000100  00000f00  RWIX
  RAML6                 0000e000   00001000  00000000  00001000  RWIX
  RAML7                 0000f000   00001000  00000000  00001000  RWIX
  ZONE7B                0020fc00   00000400  00000000  00000400  RWIX
  CSM_PWL               0033fff8   00000008  00000008  00000000  RWIX
  PARTID                00380090   00000001  00000001  00000000  RWIX


SECTION ALLOCATION MAP

 output                                  attributes/
section   page    origin      length       input sections
--------  ----  ----------  ----------   ----------------
codestart 
*          0    00000000    00000002     
                  00000000    00000002     DSP2833x_CodeStartBranch.obj (codestart)

.pinit     0    00008000    00000000     UNINITIALIZED

ramfuncs   0    00008000    00000021     
                  00008000    0000001d     DSP2833x_SysCtrl.obj (ramfuncs)
                  0000801d    00000004     DSP2833x_usDelay.obj (ramfuncs)

.cinit     0    00008021    00000016     
                  00008021    0000000a     rts2800_fpu32.lib : _lock.obj (.cinit)
                  0000802b    0000000a                       : exit.obj (.cinit)
                  00008035    00000002     --HOLE-- [fill = 0]

.text      0    00009000    00000f70     
                  00009000    0000039e     DSP2833x_DMA.obj (.text)
                  0000939e    00000316     DSP2833x_DefaultIsr.obj (.text)
                  000096b4    0000018f     DSP2833x_Mcbsp.obj (.text)
                  00009843    0000011a     DSP2833x_Xintf.obj (.text)
                  0000995d    000000f9     DSP2833x_SysCtrl.obj (.text)
                  00009a56    000000f7     DSP2833x_ECan.obj (.text)
                  00009b4d    000000ee     DSP2833x_EPwm.obj (.text)
                  00009c3b    000000bf     My28335_Init.obj (.text)
                  00009cfa    0000006f     DSP2833x_ECap.obj (.text)
                  00009d69    00000060     DSP2833x_EQep.obj (.text)
                  00009dc9    00000055     DSP2833x_CpuTimers.obj (.text)
                  00009e1e    00000048     main.obj (.text)
                  00009e66    00000046     rts2800_fpu32.lib : boot.obj (.text)
                  00009eac    00000028     DSP2833x_PieCtrl.obj (.text)
                  00009ed4    0000001b     rts2800_fpu32.lib : args_main.obj (.text)
                  00009eef    00000019                       : exit.obj (.text)
                  00009f08    00000017     DSP2833x_Gpio.obj (.text)
                  00009f1f    00000014     DSP2833x_Adc.obj (.text)
                  00009f33    00000011     DSP2833x_MemCopy.obj (.text)
                  00009f44    00000011     DSP2833x_PieVect.obj (.text)
                  00009f55    00000009     rts2800_fpu32.lib : _lock.obj (.text)
                  00009f5e    00000008     DSP2833x_CodeStartBranch.obj (.text)
                  00009f66    00000007     DSP2833x_DisInt.obj (.text)
                  00009f6d    00000003     DSP2833x_DBGIER.obj (.text)

csm_rsvd   0    0033ff80    00000076     DSECT
                  0033ff80    00000076     DSP2833x_CSMPasswords.obj (csm_rsvd)

csmpasswds 
*          0    0033fff8    00000008     DSECT
                  0033fff8    00000008     DSP2833x_CSMPasswords.obj (csmpasswds)

.adc_cal   0    00380080    00000007     NOLOAD SECTION
                  00380080    00000007     DSP2833x_ADC_cal.obj (.adc_cal)

.reset     0    003fffc0    00000002     DSECT
                  003fffc0    00000002     rts2800_fpu32.lib : boot.obj (.reset)

.stack     1    00000400    00000300     UNINITIALIZED
                  00000400    00000300     --HOLE--

DevEmuRegsFile 
*          1    00000880    000000d0     UNINITIALIZED
                  00000880    000000d0     DSP2833x_GlobalVariableDefs.obj (DevEmuRegsFile)

FlashRegsFile 
*          1    00000a80    00000008     UNINITIALIZED
                  00000a80    00000008     DSP2833x_GlobalVariableDefs.obj (FlashRegsFile)

CsmRegsFile 
*          1    00000ae0    00000010     UNINITIALIZED
                  00000ae0    00000010     DSP2833x_GlobalVariableDefs.obj (CsmRegsFile)

AdcMirrorFile 
*          1    00000b00    00000010     UNINITIALIZED
                  00000b00    00000010     DSP2833x_GlobalVariableDefs.obj (AdcMirrorFile)

XintfRegsFile 
*          1    00000b20    0000001e     UNINITIALIZED
                  00000b20    0000001e     DSP2833x_GlobalVariableDefs.obj (XintfRegsFile)

CpuTimer0RegsFile 
*          1    00000c00    00000008     UNINITIALIZED
                  00000c00    00000008     DSP2833x_GlobalVariableDefs.obj (CpuTimer0RegsFile)

CpuTimer1RegsFile 
*          1    00000c08    00000008     UNINITIALIZED
                  00000c08    00000008     DSP2833x_GlobalVariableDefs.obj (CpuTimer1RegsFile)

CpuTimer2RegsFile 
*          1    00000c10    00000008     UNINITIALIZED
                  00000c10    00000008     DSP2833x_GlobalVariableDefs.obj (CpuTimer2RegsFile)

PieCtrlRegsFile 
*          1    00000ce0    0000001a     UNINITIALIZED
                  00000ce0    0000001a     DSP2833x_GlobalVariableDefs.obj (PieCtrlRegsFile)

PieVectTableFile 
*          1    00000d00    00000100     UNINITIALIZED
                  00000d00    00000100     DSP2833x_GlobalVariableDefs.obj (PieVectTableFile)

DmaRegsFile 
*          1    00001000    000000e0     UNINITIALIZED
                  00001000    000000e0     DSP2833x_GlobalVariableDefs.obj (DmaRegsFile)

McbspaRegsFile 
*          1    00005000    00000025     UNINITIALIZED
                  00005000    00000025     DSP2833x_GlobalVariableDefs.obj (McbspaRegsFile)

McbspbRegsFile 
*          1    00005040    00000025     UNINITIALIZED
                  00005040    00000025     DSP2833x_GlobalVariableDefs.obj (McbspbRegsFile)

ECanaRegsFile 
*          1    00006000    00000034     UNINITIALIZED
                  00006000    00000034     DSP2833x_GlobalVariableDefs.obj (ECanaRegsFile)

ECanaLAMRegsFile 
*          1    00006040    00000040     UNINITIALIZED
                  00006040    00000040     DSP2833x_GlobalVariableDefs.obj (ECanaLAMRegsFile)

ECanaMOTSRegsFile 
*          1    00006080    00000040     UNINITIALIZED
                  00006080    00000040     DSP2833x_GlobalVariableDefs.obj (ECanaMOTSRegsFile)

ECanaMOTORegsFile 
*          1    000060c0    00000040     UNINITIALIZED
                  000060c0    00000040     DSP2833x_GlobalVariableDefs.obj (ECanaMOTORegsFile)

ECanaMboxesFile 
*          1    00006100    00000100     UNINITIALIZED
                  00006100    00000100     DSP2833x_GlobalVariableDefs.obj (ECanaMboxesFile)

ECanbRegsFile 
*          1    00006200    00000034     UNINITIALIZED
                  00006200    00000034     DSP2833x_GlobalVariableDefs.obj (ECanbRegsFile)

ECanbLAMRegsFile 
*          1    00006240    00000040     UNINITIALIZED
                  00006240    00000040     DSP2833x_GlobalVariableDefs.obj (ECanbLAMRegsFile)

ECanbMOTSRegsFile 
*          1    00006280    00000040     UNINITIALIZED
                  00006280    00000040     DSP2833x_GlobalVariableDefs.obj (ECanbMOTSRegsFile)

ECanbMOTORegsFile 
*          1    000062c0    00000040     UNINITIALIZED
                  000062c0    00000040     DSP2833x_GlobalVariableDefs.obj (ECanbMOTORegsFile)

ECanbMboxesFile 
*          1    00006300    00000100     UNINITIALIZED
                  00006300    00000100     DSP2833x_GlobalVariableDefs.obj (ECanbMboxesFile)

EPwm1RegsFile 
*          1    00006800    00000022     UNINITIALIZED
                  00006800    00000022     DSP2833x_GlobalVariableDefs.obj (EPwm1RegsFile)

EPwm2RegsFile 
*          1    00006840    00000022     UNINITIALIZED
                  00006840    00000022     DSP2833x_GlobalVariableDefs.obj (EPwm2RegsFile)

EPwm3RegsFile 
*          1    00006880    00000022     UNINITIALIZED
                  00006880    00000022     DSP2833x_GlobalVariableDefs.obj (EPwm3RegsFile)

EPwm4RegsFile 
*          1    000068c0    00000022     UNINITIALIZED
                  000068c0    00000022     DSP2833x_GlobalVariableDefs.obj (EPwm4RegsFile)

EPwm5RegsFile 
*          1    00006900    00000022     UNINITIALIZED
                  00006900    00000022     DSP2833x_GlobalVariableDefs.obj (EPwm5RegsFile)

EPwm6RegsFile 
*          1    00006940    00000022     UNINITIALIZED
                  00006940    00000022     DSP2833x_GlobalVariableDefs.obj (EPwm6RegsFile)

ECap1RegsFile 
*          1    00006a00    00000020     UNINITIALIZED
                  00006a00    00000020     DSP2833x_GlobalVariableDefs.obj (ECap1RegsFile)

ECap2RegsFile 
*          1    00006a20    00000020     UNINITIALIZED
                  00006a20    00000020     DSP2833x_GlobalVariableDefs.obj (ECap2RegsFile)

ECap3RegsFile 
*          1    00006a40    00000020     UNINITIALIZED
                  00006a40    00000020     DSP2833x_GlobalVariableDefs.obj (ECap3RegsFile)

ECap4RegsFile 
*          1    00006a60    00000020     UNINITIALIZED
                  00006a60    00000020     DSP2833x_GlobalVariableDefs.obj (ECap4RegsFile)

ECap5RegsFile 
*          1    00006a80    00000020     UNINITIALIZED
                  00006a80    00000020     DSP2833x_GlobalVariableDefs.obj (ECap5RegsFile)

ECap6RegsFile 
*          1    00006aa0    00000020     UNINITIALIZED
                  00006aa0    00000020     DSP2833x_GlobalVariableDefs.obj (ECap6RegsFile)

EQep1RegsFile 
*          1    00006b00    00000040     UNINITIALIZED
                  00006b00    00000040     DSP2833x_GlobalVariableDefs.obj (EQep1RegsFile)

EQep2RegsFile 
*          1    00006b40    00000040     UNINITIALIZED
                  00006b40    00000040     DSP2833x_GlobalVariableDefs.obj (EQep2RegsFile)

GpioCtrlRegsFile 
*          1    00006f80    0000002e     UNINITIALIZED
                  00006f80    0000002e     DSP2833x_GlobalVariableDefs.obj (GpioCtrlRegsFile)

GpioDataRegsFile 
*          1    00006fc0    00000020     UNINITIALIZED
                  00006fc0    00000020     DSP2833x_GlobalVariableDefs.obj (GpioDataRegsFile)

GpioIntRegsFile 
*          1    00006fe0    0000000a     UNINITIALIZED
                  00006fe0    0000000a     DSP2833x_GlobalVariableDefs.obj (GpioIntRegsFile)

SysCtrlRegsFile 
*          1    00007010    00000020     UNINITIALIZED
                  00007010    00000020     DSP2833x_GlobalVariableDefs.obj (SysCtrlRegsFile)

SpiaRegsFile 
*          1    00007040    00000010     UNINITIALIZED
                  00007040    00000010     DSP2833x_GlobalVariableDefs.obj (SpiaRegsFile)

SciaRegsFile 
*          1    00007050    00000010     UNINITIALIZED
                  00007050    00000010     DSP2833x_GlobalVariableDefs.obj (SciaRegsFile)

XIntruptRegsFile 
*          1    00007070    00000010     UNINITIALIZED
                  00007070    00000010     DSP2833x_GlobalVariableDefs.obj (XIntruptRegsFile)

AdcRegsFile 
*          1    00007100    0000001e     UNINITIALIZED
                  00007100    0000001e     DSP2833x_GlobalVariableDefs.obj (AdcRegsFile)

ScibRegsFile 
*          1    00007750    00000010     UNINITIALIZED
                  00007750    00000010     DSP2833x_GlobalVariableDefs.obj (ScibRegsFile)

ScicRegsFile 
*          1    00007770    00000010     UNINITIALIZED
                  00007770    00000010     DSP2833x_GlobalVariableDefs.obj (ScicRegsFile)

I2caRegsFile 
*          1    00007900    00000022     UNINITIALIZED
                  00007900    00000022     DSP2833x_GlobalVariableDefs.obj (I2caRegsFile)

.ebss      1    0000c000    00000020     UNINITIALIZED
                  0000c000    00000018     DSP2833x_CpuTimers.obj (.ebss)
                  0000c018    00000004     rts2800_fpu32.lib : _lock.obj (.ebss)
                  0000c01c    00000004                       : exit.obj (.ebss)

.econst    1    0000d000    00000100     
                  0000d000    00000100     DSP2833x_PieVect.obj (.econst)

CsmPwlFile 
*          1    0033fff8    00000008     UNINITIALIZED
                  0033fff8    00000008     DSP2833x_GlobalVariableDefs.obj (CsmPwlFile)

PartIdRegsFile 
*          1    00380090    00000001     UNINITIALIZED
                  00380090    00000001     DSP2833x_GlobalVariableDefs.obj (PartIdRegsFile)


GLOBAL SYMBOLS: SORTED ALPHABETICALLY BY Name 

address    name
--------   ----
00009000   .text
00009eef   C$$EXIT
000096aa   _ADCINT_ISR
00380080   _ADC_cal
00000b00   _AdcMirror
00007100   _AdcRegs
00009dfc   _ConfigCpuTimer
0000c010   _CpuTimer0
00000c00   _CpuTimer0Regs
0000c000   _CpuTimer1
00000c08   _CpuTimer1Regs
0000c008   _CpuTimer2
00000c10   _CpuTimer2Regs
0033fff8   _CsmPwl
00000ae0   _CsmRegs
00009a28   _CsmUnlock
000096a0   _DATALOG_ISR
00009696   _DINTCH1_ISR
0000968c   _DINTCH2_ISR
00009682   _DINTCH3_ISR
00009678   _DINTCH4_ISR
0000966e   _DINTCH5_ISR
00009664   _DINTCH6_ISR
00009394   _DMACH1AddrConfig
0000938b   _DMACH1BurstConfig
00009322   _DMACH1ModeConfig
00009319   _DMACH1TransferConfig
0000930f   _DMACH1WrapConfig
00009305   _DMACH2AddrConfig
000092fc   _DMACH2BurstConfig
00009293   _DMACH2ModeConfig
0000928a   _DMACH2TransferConfig
00009280   _DMACH2WrapConfig
00009276   _DMACH3AddrConfig
0000926d   _DMACH3BurstConfig
00009204   _DMACH3ModeConfig
000091fb   _DMACH3TransferConfig
000091f1   _DMACH3WrapConfig
000091e7   _DMACH4AddrConfig
000091de   _DMACH4BurstConfig
00009172   _DMACH4ModeConfig
00009169   _DMACH4TransferConfig
0000915f   _DMACH4WrapConfig
00009155   _DMACH5AddrConfig
0000914c   _DMACH5BurstConfig
000090e0   _DMACH5ModeConfig
000090d7   _DMACH5TransferConfig
000090cd   _DMACH5WrapConfig
000090c3   _DMACH6AddrConfig
000090ba   _DMACH6BurstConfig
0000904e   _DMACH6ModeConfig
00009045   _DMACH6TransferConfig
0000903b   _DMACH6WrapConfig
00009030   _DMAInitialize
00009f66   _DSP28x_DisableInt
00009f6a   _DSP28x_RestoreInt
0000801d   _DSP28x_usDelay
00000880   _DevEmuRegs
00009967   _DisableDog
00001000   _DmaRegs
0000965a   _ECAN0INTA_ISR
00009650   _ECAN0INTB_ISR
00009646   _ECAN1INTA_ISR
0000963c   _ECAN1INTB_ISR
00009632   _ECAP1_INT_ISR
00009628   _ECAP2_INT_ISR
0000961e   _ECAP3_INT_ISR
00009614   _ECAP4_INT_ISR
0000960a   _ECAP5_INT_ISR
00009600   _ECAP6_INT_ISR
00006040   _ECanaLAMRegs
000060c0   _ECanaMOTORegs
00006080   _ECanaMOTSRegs
00006100   _ECanaMboxes
00006000   _ECanaRegs
00006240   _ECanbLAMRegs
000062c0   _ECanbMOTORegs
00006280   _ECanbMOTSRegs
00006300   _ECanbMboxes
00006200   _ECanbRegs
00006a00   _ECap1Regs
00006a20   _ECap2Regs
00006a40   _ECap3Regs
00006a60   _ECap4Regs
00006a80   _ECap5Regs
00006aa0   _ECap6Regs
000095f6   _EMUINT_ISR
000095ec   _EPWM1_INT_ISR
000095e2   _EPWM1_TZINT_ISR
000095d8   _EPWM2_INT_ISR
000095ce   _EPWM2_TZINT_ISR
000095c4   _EPWM3_INT_ISR
000095ba   _EPWM3_TZINT_ISR
000095b0   _EPWM4_INT_ISR
000095a6   _EPWM4_TZINT_ISR
0000959c   _EPWM5_INT_ISR
00009592   _EPWM5_TZINT_ISR
00009588   _EPWM6_INT_ISR
0000957e   _EPWM6_TZINT_ISR
00006800   _EPwm1Regs
00006840   _EPwm2Regs
00006880   _EPwm3Regs
000068c0   _EPwm4Regs
00006900   _EPwm5Regs
00006940   _EPwm6Regs
00009574   _EQEP1_INT_ISR
0000956a   _EQEP2_INT_ISR
00006b00   _EQep1Regs
00006b40   _EQep2Regs
00009ecb   _EnableInterrupts
00000a80   _FlashRegs
00006f80   _GpioCtrlRegs
00006fc0   _GpioDataRegs
00006fe0   _GpioIntRegs
00009560   _I2CINT1A_ISR
00009556   _I2CINT2A_ISR
00007900   _I2caRegs
0000954c   _ILLEGAL_ISR
00009542   _INT13_ISR
00009538   _INT14_ISR
00009f1f   _InitAdc
00009dc9   _InitCpuTimers
00009b48   _InitECan
00009b43   _InitECanGpio
00009ae6   _InitECana
00009acb   _InitECanaGpio
00009a6e   _InitECanb
00009a56   _InitECanbGpio
00009d68   _InitECap
00009cfa   _InitECap1Gpio
00009d0d   _InitECap2Gpio
00009d1b   _InitECap3Gpio
00009d29   _InitECap4Gpio
00009d37   _InitECap5Gpio
00009d49   _InitECap6Gpio
00009d5b   _InitECapGpio
00009c3a   _InitEPwm
00009ba5   _InitEPwm1Gpio
00009bbb   _InitEPwm2Gpio
00009bd1   _InitEPwm3Gpio
00009be9   _InitEPwm4Gpio
00009c01   _InitEPwm5Gpio
00009c17   _InitEPwm6Gpio
00009c2d   _InitEPwmGpio
00009b8a   _InitEPwmSyncGpio
00009dc8   _InitEQep
00009d69   _InitEQep1Gpio
00009d98   _InitEQep2Gpio
00009dc3   _InitEQepGpio
00008000   _InitFlash
00009f08   _InitGpio
0000983e   _InitMcbsp
00009839   _InitMcbspGpio
0000980d   _InitMcbspa
000097ff   _InitMcbspa12bit
000097f1   _InitMcbspa16bit
000097e3   _InitMcbspa20bit
000097d5   _InitMcbspa24bit
000097c7   _InitMcbspa32bit
000097bf   _InitMcbspa8bit
0000977e   _InitMcbspaGpio
00009752   _InitMcbspb
00009744   _InitMcbspb12bit
00009736   _InitMcbspb16bit
00009728   _InitMcbspb20bit
0000971a   _InitMcbspb24bit
0000970c   _InitMcbspb32bit
00009704   _InitMcbspb8bit
000096d4   _InitMcbspbGpio
00009cc6   _InitPWM
000099b9   _InitPeripheralClocks
00009eac   _InitPieCtrl
00009f44   _InitPieVectTable
0000996f   _InitPll
00009a1f   _InitSysCtrl
00009b4d   _InitTzGpio
000098fa   _InitXintf
00009843   _InitXintf16Gpio
000098aa   _InitXintf32Gpio
00009c7a   _Init_EPwm1Config
00009ca0   _Init_EPwm2Config
00009c50   _Init_Epwm1Gpio
00009c65   _Init_Epwm2Gpio
00009c43   _Init_Led
0000952e   _LUF_ISR
00009524   _LVF_ISR
0000951a   _MRINTA_ISR
00009510   _MRINTB_ISR
00009506   _MXINTA_ISR
000094fc   _MXINTB_ISR
00005000   _McbspaRegs
00005040   _McbspbRegs
00009f33   _MemCopy
00009cdd   _My28335_Init
000094f2   _NMI_ISR
000094e8   _PIE_RESERVED
00380090   _PartIdRegs
00000ce0   _PieCtrlRegs
00000d00   _PieVectTable
0000d000   _PieVectTableInit
000094de   _RTOSINT_ISR
000094d4   _SCIRXINTA_ISR
000094ca   _SCIRXINTB_ISR
000094c0   _SCIRXINTC_ISR
000094b6   _SCITXINTA_ISR
000094ac   _SCITXINTB_ISR
000094a2   _SCITXINTC_ISR
00009498   _SEQ1INT_ISR
0000948e   _SEQ2INT_ISR
00009484   _SPIRXINTA_ISR
0000947a   _SPITXINTA_ISR
00007050   _SciaRegs
00007750   _ScibRegs
00007770   _ScicRegs
0000995d   _ServiceDog
00009f6d   _SetDBGIER
00007040   _SpiaRegs
00009028   _StartDMACH1
00009020   _StartDMACH2
00009018   _StartDMACH3
00009010   _StartDMACH4
00009008   _StartDMACH5
00009000   _StartDMACH6
00007010   _SysCtrlRegs
00009470   _TINT0_ISR
00009c3b   _TOGGLE_LED
00009466   _USER10_ISR
0000945c   _USER11_ISR
00009452   _USER12_ISR
00009448   _USER1_ISR
0000943e   _USER2_ISR
00009434   _USER3_ISR
0000942a   _USER4_ISR
00009420   _USER5_ISR
00009416   _USER6_ISR
0000940c   _USER7_ISR
00009402   _USER8_ISR
000093f8   _USER9_ISR
000093ee   _WAKEINT_ISR
000093e4   _XINT1_ISR
000093da   _XINT2_ISR
000093d0   _XINT3_ISR
000093c6   _XINT4_ISR
000093bc   _XINT5_ISR
000093b2   _XINT6_ISR
000093a8   _XINT7_ISR
00007070   _XIntruptRegs
00000b20   _XintfRegs
00000700   __STACK_END
00000300   __STACK_SIZE
00000001   __TI_args_main
ffffffff   ___binit__
ffffffff   ___c_args__
00008021   ___cinit__
00009f70   ___etext__
ffffffff   ___pinit__
00009000   ___text__
00009ed4   __args_main
0000c01c   __cleanup_ptr
0000c01e   __dtors_ptr
0000c01a   __lock
00009f5d   __nop
00009f59   __register_lock
00009f55   __register_unlock
00000400   __stack
0000c018   __unlock
00009eef   _abort
00009e66   _c_int00
000096c4   _clkg_delay_loop
00009e36   _cpu_timer0_isr
000096b4   _delay_loop
00009ef1   _exit
00009e1e   _main
0000939e   _rsvd_ISR
ffffffff   binit
00008021   cinit
00000000   code_start
00009f70   etext
ffffffff   pinit


GLOBAL SYMBOLS: SORTED BY Symbol Address 

address    name
--------   ----
00000000   code_start
00000001   __TI_args_main
00000300   __STACK_SIZE
00000400   __stack
00000700   __STACK_END
00000880   _DevEmuRegs
00000a80   _FlashRegs
00000ae0   _CsmRegs
00000b00   _AdcMirror
00000b20   _XintfRegs
00000c00   _CpuTimer0Regs
00000c08   _CpuTimer1Regs
00000c10   _CpuTimer2Regs
00000ce0   _PieCtrlRegs
00000d00   _PieVectTable
00001000   _DmaRegs
00005000   _McbspaRegs
00005040   _McbspbRegs
00006000   _ECanaRegs
00006040   _ECanaLAMRegs
00006080   _ECanaMOTSRegs
000060c0   _ECanaMOTORegs
00006100   _ECanaMboxes
00006200   _ECanbRegs
00006240   _ECanbLAMRegs
00006280   _ECanbMOTSRegs
000062c0   _ECanbMOTORegs
00006300   _ECanbMboxes
00006800   _EPwm1Regs
00006840   _EPwm2Regs
00006880   _EPwm3Regs
000068c0   _EPwm4Regs
00006900   _EPwm5Regs
00006940   _EPwm6Regs
00006a00   _ECap1Regs
00006a20   _ECap2Regs
00006a40   _ECap3Regs
00006a60   _ECap4Regs
00006a80   _ECap5Regs
00006aa0   _ECap6Regs
00006b00   _EQep1Regs
00006b40   _EQep2Regs
00006f80   _GpioCtrlRegs
00006fc0   _GpioDataRegs
00006fe0   _GpioIntRegs
00007010   _SysCtrlRegs
00007040   _SpiaRegs
00007050   _SciaRegs
00007070   _XIntruptRegs
00007100   _AdcRegs
00007750   _ScibRegs
00007770   _ScicRegs
00007900   _I2caRegs
00008000   _InitFlash
0000801d   _DSP28x_usDelay
00008021   ___cinit__
00008021   cinit
00009000   .text
00009000   _StartDMACH6
00009000   ___text__
00009008   _StartDMACH5
00009010   _StartDMACH4
00009018   _StartDMACH3
00009020   _StartDMACH2
00009028   _StartDMACH1
00009030   _DMAInitialize
0000903b   _DMACH6WrapConfig
00009045   _DMACH6TransferConfig
0000904e   _DMACH6ModeConfig
000090ba   _DMACH6BurstConfig
000090c3   _DMACH6AddrConfig
000090cd   _DMACH5WrapConfig
000090d7   _DMACH5TransferConfig
000090e0   _DMACH5ModeConfig
0000914c   _DMACH5BurstConfig
00009155   _DMACH5AddrConfig
0000915f   _DMACH4WrapConfig
00009169   _DMACH4TransferConfig
00009172   _DMACH4ModeConfig
000091de   _DMACH4BurstConfig
000091e7   _DMACH4AddrConfig
000091f1   _DMACH3WrapConfig
000091fb   _DMACH3TransferConfig
00009204   _DMACH3ModeConfig
0000926d   _DMACH3BurstConfig
00009276   _DMACH3AddrConfig
00009280   _DMACH2WrapConfig
0000928a   _DMACH2TransferConfig
00009293   _DMACH2ModeConfig
000092fc   _DMACH2BurstConfig
00009305   _DMACH2AddrConfig
0000930f   _DMACH1WrapConfig
00009319   _DMACH1TransferConfig
00009322   _DMACH1ModeConfig
0000938b   _DMACH1BurstConfig
00009394   _DMACH1AddrConfig
0000939e   _rsvd_ISR
000093a8   _XINT7_ISR
000093b2   _XINT6_ISR
000093bc   _XINT5_ISR
000093c6   _XINT4_ISR
000093d0   _XINT3_ISR
000093da   _XINT2_ISR
000093e4   _XINT1_ISR
000093ee   _WAKEINT_ISR
000093f8   _USER9_ISR
00009402   _USER8_ISR
0000940c   _USER7_ISR
00009416   _USER6_ISR
00009420   _USER5_ISR
0000942a   _USER4_ISR
00009434   _USER3_ISR
0000943e   _USER2_ISR
00009448   _USER1_ISR
00009452   _USER12_ISR
0000945c   _USER11_ISR
00009466   _USER10_ISR
00009470   _TINT0_ISR
0000947a   _SPITXINTA_ISR
00009484   _SPIRXINTA_ISR
0000948e   _SEQ2INT_ISR
00009498   _SEQ1INT_ISR
000094a2   _SCITXINTC_ISR
000094ac   _SCITXINTB_ISR
000094b6   _SCITXINTA_ISR
000094c0   _SCIRXINTC_ISR
000094ca   _SCIRXINTB_ISR
000094d4   _SCIRXINTA_ISR
000094de   _RTOSINT_ISR
000094e8   _PIE_RESERVED
000094f2   _NMI_ISR
000094fc   _MXINTB_ISR
00009506   _MXINTA_ISR
00009510   _MRINTB_ISR
0000951a   _MRINTA_ISR
00009524   _LVF_ISR
0000952e   _LUF_ISR
00009538   _INT14_ISR
00009542   _INT13_ISR
0000954c   _ILLEGAL_ISR
00009556   _I2CINT2A_ISR
00009560   _I2CINT1A_ISR
0000956a   _EQEP2_INT_ISR
00009574   _EQEP1_INT_ISR
0000957e   _EPWM6_TZINT_ISR
00009588   _EPWM6_INT_ISR
00009592   _EPWM5_TZINT_ISR
0000959c   _EPWM5_INT_ISR
000095a6   _EPWM4_TZINT_ISR
000095b0   _EPWM4_INT_ISR
000095ba   _EPWM3_TZINT_ISR
000095c4   _EPWM3_INT_ISR
000095ce   _EPWM2_TZINT_ISR
000095d8   _EPWM2_INT_ISR
000095e2   _EPWM1_TZINT_ISR
000095ec   _EPWM1_INT_ISR
000095f6   _EMUINT_ISR
00009600   _ECAP6_INT_ISR
0000960a   _ECAP5_INT_ISR
00009614   _ECAP4_INT_ISR
0000961e   _ECAP3_INT_ISR
00009628   _ECAP2_INT_ISR
00009632   _ECAP1_INT_ISR
0000963c   _ECAN1INTB_ISR
00009646   _ECAN1INTA_ISR
00009650   _ECAN0INTB_ISR
0000965a   _ECAN0INTA_ISR
00009664   _DINTCH6_ISR
0000966e   _DINTCH5_ISR
00009678   _DINTCH4_ISR
00009682   _DINTCH3_ISR
0000968c   _DINTCH2_ISR
00009696   _DINTCH1_ISR
000096a0   _DATALOG_ISR
000096aa   _ADCINT_ISR
000096b4   _delay_loop
000096c4   _clkg_delay_loop
000096d4   _InitMcbspbGpio
00009704   _InitMcbspb8bit
0000970c   _InitMcbspb32bit
0000971a   _InitMcbspb24bit
00009728   _InitMcbspb20bit
00009736   _InitMcbspb16bit
00009744   _InitMcbspb12bit
00009752   _InitMcbspb
0000977e   _InitMcbspaGpio
000097bf   _InitMcbspa8bit
000097c7   _InitMcbspa32bit
000097d5   _InitMcbspa24bit
000097e3   _InitMcbspa20bit
000097f1   _InitMcbspa16bit
000097ff   _InitMcbspa12bit
0000980d   _InitMcbspa
00009839   _InitMcbspGpio
0000983e   _InitMcbsp
00009843   _InitXintf16Gpio
000098aa   _InitXintf32Gpio
000098fa   _InitXintf
0000995d   _ServiceDog
00009967   _DisableDog
0000996f   _InitPll
000099b9   _InitPeripheralClocks
00009a1f   _InitSysCtrl
00009a28   _CsmUnlock
00009a56   _InitECanbGpio
00009a6e   _InitECanb
00009acb   _InitECanaGpio
00009ae6   _InitECana
00009b43   _InitECanGpio
00009b48   _InitECan
00009b4d   _InitTzGpio
00009b8a   _InitEPwmSyncGpio
00009ba5   _InitEPwm1Gpio
00009bbb   _InitEPwm2Gpio
00009bd1   _InitEPwm3Gpio
00009be9   _InitEPwm4Gpio
00009c01   _InitEPwm5Gpio
00009c17   _InitEPwm6Gpio
00009c2d   _InitEPwmGpio
00009c3a   _InitEPwm
00009c3b   _TOGGLE_LED
00009c43   _Init_Led
00009c50   _Init_Epwm1Gpio
00009c65   _Init_Epwm2Gpio
00009c7a   _Init_EPwm1Config
00009ca0   _Init_EPwm2Config
00009cc6   _InitPWM
00009cdd   _My28335_Init
00009cfa   _InitECap1Gpio
00009d0d   _InitECap2Gpio
00009d1b   _InitECap3Gpio
00009d29   _InitECap4Gpio
00009d37   _InitECap5Gpio
00009d49   _InitECap6Gpio
00009d5b   _InitECapGpio
00009d68   _InitECap
00009d69   _InitEQep1Gpio
00009d98   _InitEQep2Gpio
00009dc3   _InitEQepGpio
00009dc8   _InitEQep
00009dc9   _InitCpuTimers
00009dfc   _ConfigCpuTimer
00009e1e   _main
00009e36   _cpu_timer0_isr
00009e66   _c_int00
00009eac   _InitPieCtrl
00009ecb   _EnableInterrupts
00009ed4   __args_main
00009eef   C$$EXIT
00009eef   _abort
00009ef1   _exit
00009f08   _InitGpio
00009f1f   _InitAdc
00009f33   _MemCopy
00009f44   _InitPieVectTable
00009f55   __register_unlock
00009f59   __register_lock
00009f5d   __nop
00009f66   _DSP28x_DisableInt
00009f6a   _DSP28x_RestoreInt
00009f6d   _SetDBGIER
00009f70   ___etext__
00009f70   etext
0000c000   _CpuTimer1
0000c008   _CpuTimer2
0000c010   _CpuTimer0
0000c018   __unlock
0000c01a   __lock
0000c01c   __cleanup_ptr
0000c01e   __dtors_ptr
0000d000   _PieVectTableInit
0033fff8   _CsmPwl
00380080   _ADC_cal
00380090   _PartIdRegs
ffffffff   ___binit__
ffffffff   ___c_args__
ffffffff   ___pinit__
ffffffff   binit
ffffffff   pinit

[279 symbols]
